Component: Arm Compiler for Embedded 6.24 Tool: armlink [5f371500]

==============================================================================

Section Cross References

    main.o(.ARM.exidx.text.Save_Alarm_To_EEPROM) refers to main.o(.text.Save_Alarm_To_EEPROM) for [Anonymous Symbol]
    main.o(.text.Load_Alarm_From_EEPROM) refers to main.o(.data.alarm_minutes) for alarm_minutes
    main.o(.text.Load_Alarm_From_EEPROM) refers to main.o(.data.alarm_hours) for alarm_hours
    main.o(.ARM.exidx.text.Load_Alarm_From_EEPROM) refers to main.o(.text.Load_Alarm_From_EEPROM) for [Anonymous Symbol]
    main.o(.text.main) refers to system_sn32f400.o(.text.SystemInit) for SystemInit
    main.o(.text.main) refers to system_sn32f400.o(.text.SystemCoreClockUpdate) for SystemCoreClockUpdate
    main.o(.text.main) refers to pfpa.o(.text.PFPA_Init) for PFPA_Init
    main.o(.text.main) refers to gpio.o(.text.GPIO_Init) for GPIO_Init
    main.o(.text.main) refers to wdt.o(.text.WDT_Init) for WDT_Init
    main.o(.text.main) refers to utility.o(.text.UT_DelayNx10us) for UT_DelayNx10us
    main.o(.text.main) refers to main.o(.data.alarm_minutes) for alarm_minutes
    main.o(.text.main) refers to main.o(.data.alarm_hours) for alarm_hours
    main.o(.text.main) refers to segment.o(.text.Digital_DisplayDEC) for Digital_DisplayDEC
    main.o(.text.main) refers to segment.o(.text.Digital_Scan) for Digital_Scan
    main.o(.text.main) refers to main.o(.bss.main.btn16_press_time) for [Anonymous Symbol]
    main.o(.text.main) refers to main.o(.bss.main.btn3_press_time) for [Anonymous Symbol]
    main.o(.text.main) refers to main.o(.data.blink_state) for blink_state
    main.o(.text.main) refers to main.o(.bss.blink_tick) for blink_tick
    main.o(.text.main) refers to main.o(.bss.beep_timer) for beep_timer
    main.o(.text.main) refers to main.o(.bss.inactivity_timer) for inactivity_timer
    main.o(.text.main) refers to main.o(.bss.mode) for mode
    main.o(.text.main) refers to main.o(.bss.main.btn6_press_time) for [Anonymous Symbol]
    main.o(.text.main) refers to main.o(.rodata..Lswitch.table.main.1) for [Anonymous Symbol]
    main.o(.text.main) refers to main.o(.bss.main.btn10_press_time) for [Anonymous Symbol]
    main.o(.text.main) refers to main.o(.bss.minutes) for minutes
    main.o(.text.main) refers to main.o(.bss.hours) for hours
    main.o(.text.main) refers to main.o(.bss.alarm_timer) for alarm_timer
    main.o(.text.main) refers to main.o(.bss.time_tick) for time_tick
    main.o(.text.main) refers to main.o(.bss.seconds) for seconds
    main.o(.ARM.exidx.text.main) refers to main.o(.text.main) for [Anonymous Symbol]
    main.o(.ARM.exidx.text.NotPinOut_GPIO_init) refers to main.o(.text.NotPinOut_GPIO_init) for [Anonymous Symbol]
    main.o(.ARM.exidx.text.HardFault_Handler) refers to main.o(.text.HardFault_Handler) for [Anonymous Symbol]
    main.o(.rodata..Lswitch.table.main.1) refers to main.o(.bss.hours) for hours
    main.o(.rodata..Lswitch.table.main.1) refers to main.o(.bss.minutes) for minutes
    main.o(.rodata..Lswitch.table.main.1) refers to main.o(.data.alarm_hours) for alarm_hours
    main.o(.rodata..Lswitch.table.main.1) refers to main.o(.data.alarm_minutes) for alarm_minutes
    adc.o(.text.ADC_IRQHandler) refers to adc.o(.bss.sInterruptFlag) for sInterruptFlag
    adc.o(.ARM.exidx.text.ADC_IRQHandler) refers to adc.o(.text.ADC_IRQHandler) for [Anonymous Symbol]
    adc.o(.text.ADC_FuncInit) refers to utility.o(.text.UT_DelayNx10us) for UT_DelayNx10us
    adc.o(.ARM.exidx.text.ADC_FuncInit) refers to adc.o(.text.ADC_FuncInit) for [Anonymous Symbol]
    adc.o(.ARM.exidx.text.ADC_AWWInit) refers to adc.o(.text.ADC_AWWInit) for [Anonymous Symbol]
    adc.o(.ARM.exidx.text.ADC_InterruptInit) refers to adc.o(.text.ADC_InterruptInit) for [Anonymous Symbol]
    adc.o(.ARM.exidx.text.ADC_NvicEnable) refers to adc.o(.text.ADC_NvicEnable) for [Anonymous Symbol]
    adc.o(.text.ADC_Convert) refers to adc.o(.bss.sInterruptFlag) for sInterruptFlag
    adc.o(.ARM.exidx.text.ADC_Convert) refers to adc.o(.text.ADC_Convert) for [Anonymous Symbol]
    adc.o(.text.ADC_Read) refers to adc.o(.bss.sADCData) for sADCData
    adc.o(.ARM.exidx.text.ADC_Read) refers to adc.o(.text.ADC_Read) for [Anonymous Symbol]
    adc.o(.ARM.exidx.text.ADC_NvicDisable) refers to adc.o(.text.ADC_NvicDisable) for [Anonymous Symbol]
    adc.o(.ARM.exidx.text.ADC_DMA_Start) refers to adc.o(.text.ADC_DMA_Start) for [Anonymous Symbol]
    cmp.o(.ARM.exidx.text.CMP0_IRQHandler) refers to cmp.o(.text.CMP0_IRQHandler) for [Anonymous Symbol]
    cmp.o(.ARM.exidx.text.CMP1_IRQHandler) refers to cmp.o(.text.CMP1_IRQHandler) for [Anonymous Symbol]
    cmp.o(.ARM.exidx.text.CMP2_IRQHandler) refers to cmp.o(.text.CMP2_IRQHandler) for [Anonymous Symbol]
    cmp.o(.ARM.exidx.text.CMP3_IRQHandler) refers to cmp.o(.text.CMP3_IRQHandler) for [Anonymous Symbol]
[...]
    startup_sn32f400.o(RESET) refers to cmp.o(.text.CMP1_IRQHandler) for CMP1_IRQHandler
    startup_sn32f400.o(RESET) refers to ct16b5.o(.text.CT16B5_IRQHandler) for CT16B5_IRQHandler
    startup_sn32f400.o(RESET) refers to rtc.o(.text.RTC_IRQHandler) for RTC_IRQHandler
    startup_sn32f400.o(RESET) refers to adc.o(.text.ADC_IRQHandler) for ADC_IRQHandler
    startup_sn32f400.o(RESET) refers to wdt.o(.text.WDT_IRQHandler) for WDT_IRQHandler
    startup_sn32f400.o(RESET) refers to sys_con_drive.o(.text.LVD_IRQHandler) for LVD_IRQHandler
    startup_sn32f400.o(RESET) refers to cmp.o(.text.CMP0_IRQHandler) for CMP0_IRQHandler
    startup_sn32f400.o(RESET) refers to gpio.o(.text.P3_IRQHandler) for P3_IRQHandler
    startup_sn32f400.o(RESET) refers to gpio.o(.text.P2_IRQHandler) for P2_IRQHandler
    startup_sn32f400.o(RESET) refers to gpio.o(.text.P1_IRQHandler) for P1_IRQHandler
    startup_sn32f400.o(RESET) refers to gpio.o(.text.P0_IRQHandler) for P0_IRQHandler
    startup_sn32f400.o(.ARM.__at_0x00007FFC) refers (Special) to heapauxi.o(.text) for __use_two_region_memory
    startup_sn32f400.o(.text) refers (Special) to heapauxi.o(.text) for __use_two_region_memory
    startup_sn32f400.o(.text) refers to __main.o(!!!main) for __main
    startup_sn32f400.o(.text) refers to startup_sn32f400.o(HEAP) for Heap_Mem
    startup_sn32f400.o(.text) refers to startup_sn32f400.o(STACK) for Stack_Mem
    system_sn32f400.o(.text.SystemCoreClockUpdate) refers to aeabi_sdivfast.o(.text_divfast) for __aeabi_uidiv
    system_sn32f400.o(.text.SystemCoreClockUpdate) refers to system_sn32f400.o(.bss.SystemCoreClock) for SystemCoreClock
    system_sn32f400.o(.ARM.exidx.text.SystemCoreClockUpdate) refers to system_sn32f400.o(.text.SystemCoreClockUpdate) for [Anonymous Symbol]
    system_sn32f400.o(.ARM.exidx.text.SystemInit) refers to system_sn32f400.o(.text.SystemInit) for [Anonymous Symbol]
    __main.o(!!!main) refers to __rtentry.o(.ARM.Collect$$rtentry$$00000000) for __rt_entry
    __rtentry.o(.ARM.Collect$$rtentry$$00000000) refers (Special) to __rtentry2.o(.ARM.Collect$$rtentry$$0000000A) for __rt_entry_li
    __rtentry.o(.ARM.Collect$$rtentry$$00000000) refers (Special) to __rtentry2.o(.ARM.Collect$$rtentry$$0000000D) for __rt_entry_main
    __rtentry.o(.ARM.Collect$$rtentry$$00000000) refers (Special) to __rtentry2.o(.ARM.Collect$$rtentry$$0000000C) for __rt_entry_postli_1
    __rtentry.o(.ARM.Collect$$rtentry$$00000000) refers (Special) to __rtentry2.o(.ARM.Collect$$rtentry$$00000009) for __rt_entry_postsh_1
    __rtentry.o(.ARM.Collect$$rtentry$$00000000) refers (Special) to __rtentry2.o(.ARM.Collect$$rtentry$$00000002) for __rt_entry_presh_1
    __rtentry.o(.ARM.Collect$$rtentry$$00000000) refers (Special) to __rtentry4.o(.ARM.Collect$$rtentry$$00000004) for __rt_entry_sh
    aeabi_idiv0_sigfpe.o(.text) refers to rt_div0.o(.text) for __rt_div0
    __rtentry2.o(.ARM.Collect$$rtentry$$00000008) refers to boardinit2.o(.text) for _platform_post_stackheap_init
    __rtentry2.o(.ARM.Collect$$rtentry$$0000000A) refers to libinit.o(.ARM.Collect$$libinit$$00000000) for __rt_lib_init
    __rtentry2.o(.ARM.Collect$$rtentry$$0000000B) refers to boardinit3.o(.text) for _platform_post_lib_init
    __rtentry2.o(.ARM.Collect$$rtentry$$0000000D) refers to main.o(.text.main) for main
    __rtentry2.o(.ARM.Collect$$rtentry$$0000000D) refers to exit.o(.text) for exit
    __rtentry2.o(.ARM.exidx) refers to __rtentry2.o(.ARM.Collect$$rtentry$$00000001) for .ARM.Collect$$rtentry$$00000001
    __rtentry2.o(.ARM.exidx) refers to __rtentry2.o(.ARM.Collect$$rtentry$$00000008) for .ARM.Collect$$rtentry$$00000008
    __rtentry2.o(.ARM.exidx) refers to __rtentry2.o(.ARM.Collect$$rtentry$$0000000A) for .ARM.Collect$$rtentry$$0000000A
    __rtentry2.o(.ARM.exidx) refers to __rtentry2.o(.ARM.Collect$$rtentry$$0000000B) for .ARM.Collect$$rtentry$$0000000B
    __rtentry2.o(.ARM.exidx) refers to __rtentry2.o(.ARM.Collect$$rtentry$$0000000D) for .ARM.Collect$$rtentry$$0000000D
    __rtentry4.o(.ARM.Collect$$rtentry$$00000004) refers to sys_stackheap_outer.o(.text) for __user_setup_stackheap
    __rtentry4.o(.ARM.exidx) refers to __rtentry4.o(.ARM.Collect$$rtentry$$00000004) for .ARM.Collect$$rtentry$$00000004
    rt_div0.o(.text) refers to defsig_fpe_outer.o(.text) for __rt_SIGFPE
    sys_stackheap_outer.o(.text) refers to libspace.o(.text) for __user_perproc_libspace
    sys_stackheap_outer.o(.text) refers to startup_sn32f400.o(.text) for __user_initial_stackheap
    sys_stackheap_outer.o(__vectab_stack_and_reset_area) refers to tempstk.o(.text) for __temporary_stack_top
    sys_stackheap_outer.o(__vectab_stack_and_reset_area) refers to __main.o(!!!main) for __main
    exit.o(.text) refers to rtexit.o(.ARM.Collect$$rtexit$$00000000) for __rt_exit
    defsig_fpe_outer.o(.text) refers to defsig_fpe_inner.o(.text) for __rt_SIGFPE_inner
    defsig_fpe_outer.o(.text) refers to defsig_exit.o(.text) for __sig_exit
    defsig_fpe_formal.o(.text) refers to rt_raise.o(.text) for __rt_raise
    libinit.o(.ARM.Collect$$libinit$$00000000) refers (Special) to libinit2.o(.ARM.Collect$$libinit$$00000030) for __rt_lib_init_alloca_1
    libinit.o(.ARM.Collect$$libinit$$00000000) refers (Special) to libinit2.o(.ARM.Collect$$libinit$$0000002E) for __rt_lib_init_argv_1
    libinit.o(.ARM.Collect$$libinit$$00000000) refers (Special) to libinit2.o(.ARM.Collect$$libinit$$0000001D) for __rt_lib_init_atexit_1
    libinit.o(.ARM.Collect$$libinit$$00000000) refers (Special) to libinit2.o(.ARM.Collect$$libinit$$00000023) for __rt_lib_init_clock_1
    libinit.o(.ARM.Collect$$libinit$$00000000) refers (Special) to libinit2.o(.ARM.Collect$$libinit$$00000034) for __rt_lib_init_cpp_1
    libinit.o(.ARM.Collect$$libinit$$00000000) refers (Special) to libinit2.o(.ARM.Collect$$libinit$$00000032) for __rt_lib_init_exceptions_1
    libinit.o(.ARM.Collect$$libinit$$00000000) refers (Special) to libinit2.o(.ARM.Collect$$libinit$$00000002) for __rt_lib_init_fp_1
    libinit.o(.ARM.Collect$$libinit$$00000000) refers (Special) to libinit2.o(.ARM.Collect$$libinit$$00000021) for __rt_lib_init_fp_trap_1
    libinit.o(.ARM.Collect$$libinit$$00000000) refers (Special) to libinit2.o(.ARM.Collect$$libinit$$00000025) for __rt_lib_init_getenv_1
    libinit.o(.ARM.Collect$$libinit$$00000000) refers (Special) to libinit2.o(.ARM.Collect$$libinit$$0000000C) for __rt_lib_init_heap_1
    libinit.o(.ARM.Collect$$libinit$$00000000) refers (Special) to libinit2.o(.ARM.Collect$$libinit$$00000013) for __rt_lib_init_lc_collate_1
    libinit.o(.ARM.Collect$$libinit$$00000000) refers (Special) to libinit2.o(.ARM.Collect$$libinit$$00000015) for __rt_lib_init_lc_ctype_1
    libinit.o(.ARM.Collect$$libinit$$00000000) refers (Special) to libinit2.o(.ARM.Collect$$libinit$$00000017) for __rt_lib_init_lc_monetary_1
    libinit.o(.ARM.Collect$$libinit$$00000000) refers (Special) to libinit2.o(.ARM.Collect$$libinit$$00000019) for __rt_lib_init_lc_numeric_1
    libinit.o(.ARM.Collect$$libinit$$00000000) refers (Special) to libinit2.o(.ARM.Collect$$libinit$$0000001B) for __rt_lib_init_lc_time_1
    libinit.o(.ARM.Collect$$libinit$$00000000) refers (Special) to libinit2.o(.ARM.Collect$$libinit$$00000006) for __rt_lib_init_preinit_1
    libinit.o(.ARM.Collect$$libinit$$00000000) refers (Special) to libinit2.o(.ARM.Collect$$libinit$$00000010) for __rt_lib_init_rand_1
    libinit.o(.ARM.Collect$$libinit$$00000000) refers (Special) to libinit2.o(.ARM.Collect$$libinit$$00000004) for __rt_lib_init_relocate_pie_1
    libinit.o(.ARM.Collect$$libinit$$00000000) refers (Special) to libinit2.o(.ARM.Collect$$libinit$$00000035) for __rt_lib_init_return
    libinit.o(.ARM.Collect$$libinit$$00000000) refers (Special) to libinit2.o(.ARM.Collect$$libinit$$0000001F) for __rt_lib_init_signal_1
    libinit.o(.ARM.Collect$$libinit$$00000000) refers (Special) to libinit2.o(.ARM.Collect$$libinit$$00000027) for __rt_lib_init_stdio_1
    libinit.o(.ARM.Collect$$libinit$$00000000) refers (Special) to libinit2.o(.ARM.Collect$$libinit$$0000000E) for __rt_lib_init_user_alloc_1
    libspace.o(.text) refers to libspace.o(.bss) for __libspace_start
    rtexit.o(.ARM.Collect$$rtexit$$00000000) refers (Special) to rtexit2.o(.ARM.Collect$$rtexit$$00000004) for __rt_exit_exit
    rtexit.o(.ARM.Collect$$rtexit$$00000000) refers (Special) to rtexit2.o(.ARM.Collect$$rtexit$$00000003) for __rt_exit_ls
    rtexit.o(.ARM.Collect$$rtexit$$00000000) refers (Special) to rtexit2.o(.ARM.Collect$$rtexit$$00000002) for __rt_exit_prels_1
    rtexit.o(.ARM.exidx) refers (Special) to rtexit2.o(.ARM.Collect$$rtexit$$00000004) for __rt_exit_exit
    rtexit.o(.ARM.exidx) refers (Special) to rtexit2.o(.ARM.Collect$$rtexit$$00000003) for __rt_exit_ls
    rtexit.o(.ARM.exidx) refers (Special) to rtexit2.o(.ARM.Collect$$rtexit$$00000002) for __rt_exit_prels_1
    rtexit.o(.ARM.exidx) refers to rtexit.o(.ARM.Collect$$rtexit$$00000000) for .ARM.Collect$$rtexit$$00000000
    rt_raise.o(.text) refers to __raise.o(.text) for __raise
    rt_raise.o(.text) refers to sys_exit.o(.text) for _sys_exit
    defsig_exit.o(.text) refers to sys_exit.o(.text) for _sys_exit
    defsig_fpe_inner.o(.text) refers to defsig_general.o(.text) for __default_signal_display
    libinit2.o(.ARM.Collect$$libinit$$00000012) refers to libinit2.o(.ARM.Collect$$libinit$$00000011) for .ARM.Collect$$libinit$$00000011
    libinit2.o(.ARM.Collect$$libinit$$00000014) refers to libinit2.o(.ARM.Collect$$libinit$$00000011) for .ARM.Collect$$libinit$$00000011
    libinit2.o(.ARM.Collect$$libinit$$00000016) refers to libinit2.o(.ARM.Collect$$libinit$$00000011) for .ARM.Collect$$libinit$$00000011
    libinit2.o(.ARM.Collect$$libinit$$00000018) refers to libinit2.o(.ARM.Collect$$libinit$$00000011) for .ARM.Collect$$libinit$$00000011
    libinit2.o(.ARM.Collect$$libinit$$0000001A) refers to libinit2.o(.ARM.Collect$$libinit$$00000011) for .ARM.Collect$$libinit$$00000011
    libinit2.o(.ARM.Collect$$libinit$$00000028) refers to argv_veneer.o(.text) for __ARM_argv_veneer
    libinit2.o(.ARM.Collect$$libinit$$00000029) refers to argv_veneer.o(.text) for __ARM_argv_veneer
    sys_exit.o(.text) refers (Special) to use_no_semi.o(.text) for __I$use$semihosting
    sys_exit.o(.text) refers (Special) to indicate_semi.o(.text) for __semihosting_library_function
    sys_exit_hlt.o(.text) refers (Special) to use_no_semi.o(.text) for __I$use$semihosting
    sys_exit_hlt.o(.text) refers (Special) to indicate_semi.o(.text) for __semihosting_library_function
    rtexit2.o(.ARM.Collect$$rtexit$$00000003) refers to libshutdown.o(.ARM.Collect$$libshutdown$$00000000) for __rt_lib_shutdown
    rtexit2.o(.ARM.Collect$$rtexit$$00000004) refers to sys_exit.o(.text) for _sys_exit
    rtexit2.o(.ARM.exidx) refers to rtexit2.o(.ARM.Collect$$rtexit$$00000001) for .ARM.Collect$$rtexit$$00000001
    rtexit2.o(.ARM.exidx) refers to rtexit2.o(.ARM.Collect$$rtexit$$00000003) for .ARM.Collect$$rtexit$$00000003
    rtexit2.o(.ARM.exidx) refers to rtexit2.o(.ARM.Collect$$rtexit$$00000004) for .ARM.Collect$$rtexit$$00000004
    __raise.o(.text) refers to defsig.o(CL$$defsig) for __default_signal_handler
    defsig_general.o(.text) refers to sys_wrch.o(.text) for _ttywrch
    sys_wrch.o(.text) refers (Special) to use_no_semi.o(.text) for __I$use$semihosting
    sys_wrch.o(.text) refers (Special) to indicate_semi.o(.text) for __semihosting_library_function
    sys_wrch_hlt.o(.text) refers (Special) to use_no_semi.o(.text) for __I$use$semihosting
    sys_wrch_hlt.o(.text) refers (Special) to indicate_semi.o(.text) for __semihosting_library_function
    defsig.o(CL$$defsig) refers to defsig_fpe_inner.o(.text) for __rt_SIGFPE_inner
    defsig.o(CL$$defsig) refers to defsig_rtmem_inner.o(.text) for __rt_SIGRTMEM_inner
    _get_argv_nomalloc.o(.text) refers (Special) to hrguard.o(.text) for __heap_region$guard
    _get_argv_nomalloc.o(.text) refers to defsig_rtmem_outer.o(.text) for __rt_SIGRTMEM
    _get_argv_nomalloc.o(.text) refers to sys_command.o(.text) for _sys_command_string
    libshutdown.o(.ARM.Collect$$libshutdown$$00000000) refers (Special) to libshutdown2.o(.ARM.Collect$$libshutdown$$00000002) for __rt_lib_shutdown_cpp_1
    libshutdown.o(.ARM.Collect$$libshutdown$$00000000) refers (Special) to libshutdown2.o(.ARM.Collect$$libshutdown$$00000007) for __rt_lib_shutdown_fp_trap_1
    libshutdown.o(.ARM.Collect$$libshutdown$$00000000) refers (Special) to libshutdown2.o(.ARM.Collect$$libshutdown$$0000000F) for __rt_lib_shutdown_heap_1
    libshutdown.o(.ARM.Collect$$libshutdown$$00000000) refers (Special) to libshutdown2.o(.ARM.Collect$$libshutdown$$00000010) for __rt_lib_shutdown_return
    libshutdown.o(.ARM.Collect$$libshutdown$$00000000) refers (Special) to libshutdown2.o(.ARM.Collect$$libshutdown$$0000000A) for __rt_lib_shutdown_signal_1
    libshutdown.o(.ARM.Collect$$libshutdown$$00000000) refers (Special) to libshutdown2.o(.ARM.Collect$$libshutdown$$00000004) for __rt_lib_shutdown_stdio_1
    libshutdown.o(.ARM.Collect$$libshutdown$$00000000) refers (Special) to libshutdown2.o(.ARM.Collect$$libshutdown$$0000000C) for __rt_lib_shutdown_user_alloc_1
    sys_command.o(.text) refers (Special) to use_no_semi.o(.text) for __I$use$semihosting
    sys_command.o(.text) refers (Special) to indicate_semi.o(.text) for __semihosting_library_function
    sys_command_hlt.o(.text) refers (Special) to use_no_semi.o(.text) for __I$use$semihosting
    sys_command_hlt.o(.text) refers (Special) to indicate_semi.o(.text) for __semihosting_library_function
    defsig_abrt_inner.o(.text) refers to defsig_general.o(.text) for __default_signal_display
    defsig_rtred_inner.o(.text) refers to defsig_general.o(.text) for __default_signal_display
    defsig_rtmem_inner.o(.text) refers to defsig_general.o(.text) for __default_signal_display
    defsig_rtmem_outer.o(.text) refers to defsig_rtmem_inner.o(.text) for __rt_SIGRTMEM_inner
    defsig_rtmem_outer.o(.text) refers to defsig_exit.o(.text) for __sig_exit
    defsig_rtmem_formal.o(.text) refers to rt_raise.o(.text) for __rt_raise
    defsig_stak_inner.o(.text) refers to defsig_general.o(.text) for __default_signal_display
    defsig_pvfn_inner.o(.text) refers to defsig_general.o(.text) for __default_signal_display
    defsig_cppl_inner.o(.text) refers to defsig_general.o(.text) for __default_signal_display
    defsig_segv_inner.o(.text) refers to defsig_general.o(.text) for __default_signal_display
    defsig_other.o(.text) refers to defsig_general.o(.text) for __default_signal_display


==============================================================================

Removing Unused input sections from the image.

    Removing main.o(.text), (0 bytes).
    Removing main.o(.text.Save_Alarm_To_EEPROM), (88 bytes).
    Removing main.o(.ARM.exidx.text.Save_Alarm_To_EEPROM), (8 bytes).
    Removing main.o(.text.Load_Alarm_From_EEPROM), (60 bytes).
    Removing main.o(.ARM.exidx.text.Load_Alarm_From_EEPROM), (8 bytes).
    Removing main.o(.ARM.exidx.text.main), (8 bytes).
    Removing main.o(.text.NotPinOut_GPIO_init), (2 bytes).
    Removing main.o(.ARM.exidx.text.NotPinOut_GPIO_init), (8 bytes).
    Removing main.o(.ARM.exidx.text.HardFault_Handler), (8 bytes).
    Removing main.o(.ARM.use_no_argv), (4 bytes).
    Removing adc.o(.text), (0 bytes).
    Removing adc.o(.ARM.exidx.text.ADC_IRQHandler), (8 bytes).
    Removing adc.o(.text.ADC_FuncInit), (164 bytes).
    Removing adc.o(.ARM.exidx.text.ADC_FuncInit), (8 bytes).
    Removing adc.o(.text.ADC_AWWInit), (48 bytes).
    Removing adc.o(.ARM.exidx.text.ADC_AWWInit), (8 bytes).
    Removing adc.o(.text.ADC_InterruptInit), (64 bytes).
    Removing adc.o(.ARM.exidx.text.ADC_InterruptInit), (8 bytes).
    Removing adc.o(.text.ADC_NvicEnable), (36 bytes).
    Removing adc.o(.ARM.exidx.text.ADC_NvicEnable), (8 bytes).
    Removing adc.o(.text.ADC_Convert), (188 bytes).
    Removing adc.o(.ARM.exidx.text.ADC_Convert), (8 bytes).
    Removing adc.o(.text.ADC_Read), (48 bytes).
    Removing adc.o(.ARM.exidx.text.ADC_Read), (8 bytes).
    Removing adc.o(.text.ADC_NvicDisable), (24 bytes).
    Removing adc.o(.ARM.exidx.text.ADC_NvicDisable), (8 bytes).
    Removing adc.o(.text.ADC_DMA_Start), (84 bytes).
    Removing adc.o(.ARM.exidx.text.ADC_DMA_Start), (8 bytes).
    Removing adc.o(.bss.sADCData), (4 bytes).
    Removing cmp.o(.text), (0 bytes).
    Removing cmp.o(.ARM.exidx.text.CMP0_IRQHandler), (8 bytes).
    Removing cmp.o(.ARM.exidx.text.CMP1_IRQHandler), (8 bytes).
    Removing cmp.o(.ARM.exidx.text.CMP2_IRQHandler), (8 bytes).
    Removing cmp.o(.ARM.exidx.text.CMP3_IRQHandler), (8 bytes).
    Removing cmp.o(.text.CMP_init), (156 bytes).
    Removing cmp.o(.ARM.exidx.text.CMP_init), (8 bytes).
    Removing cmp.o(.text.CMP_VIREF_Enable), (32 bytes).
    Removing cmp.o(.ARM.exidx.text.CMP_VIREF_Enable), (8 bytes).
    Removing crc.o(.text), (0 bytes).
    Removing crc.o(.text.CRC_Enable), (20 bytes).
    Removing crc.o(.ARM.exidx.text.CRC_Enable), (8 bytes).
    Removing crc.o(.text.CRC_Disable), (20 bytes).
    Removing crc.o(.ARM.exidx.text.CRC_Disable), (8 bytes).
    Removing crc.o(.text.CRC_Calc_NOR), (44 bytes).
    Removing crc.o(.ARM.exidx.text.CRC_Calc_NOR), (8 bytes).
    Removing crc.o(.text.CRC_Calc_ROM), (24 bytes).
    Removing crc.o(.ARM.exidx.text.CRC_Calc_ROM), (8 bytes).
    Removing ct16b0.o(.text), (0 bytes).
    Removing ct16b0.o(.ARM.exidx.text.CT16B0_IRQHandler), (8 bytes).
    Removing ct16b0.o(.text.CT16B0_Init), (16 bytes).
    Removing ct16b0.o(.ARM.exidx.text.CT16B0_Init), (8 bytes).
    Removing ct16b0.o(.text.CT16B0_NvicEnable), (24 bytes).
    Removing ct16b0.o(.ARM.exidx.text.CT16B0_NvicEnable), (8 bytes).
    Removing ct16b0.o(.text.CT16B0_NvicDisable), (24 bytes).
    Removing ct16b0.o(.ARM.exidx.text.CT16B0_NvicDisable), (8 bytes).
    Removing ct16b1.o(.text), (0 bytes).
    Removing ct16b1.o(.ARM.exidx.text.CT16B1_IRQHandler), (8 bytes).
    Removing ct16b1.o(.text.CT16B1_Init), (16 bytes).
    Removing ct16b1.o(.ARM.exidx.text.CT16B1_Init), (8 bytes).
    Removing ct16b1.o(.text.CT16B1_NvicEnable), (24 bytes).
    Removing ct16b1.o(.ARM.exidx.text.CT16B1_NvicEnable), (8 bytes).
    Removing ct16b1.o(.text.CT16B1_NvicDisable), (24 bytes).
    Removing ct16b1.o(.ARM.exidx.text.CT16B1_NvicDisable), (8 bytes).
    Removing ct16b5.o(.text), (0 bytes).
    Removing ct16b5.o(.ARM.exidx.text.CT16B5_IRQHandler), (8 bytes).
    Removing ct16b5.o(.text.CT16B5_Init), (20 bytes).
    Removing ct16b5.o(.ARM.exidx.text.CT16B5_Init), (8 bytes).
    Removing ct16b5.o(.text.CT16B5_NvicEnable), (24 bytes).
    Removing ct16b5.o(.ARM.exidx.text.CT16B5_NvicEnable), (8 bytes).
    Removing ct16b5.o(.text.CT16B5_NvicDisable), (24 bytes).
    Removing ct16b5.o(.ARM.exidx.text.CT16B5_NvicDisable), (8 bytes).
    Removing dma.o(.text), (0 bytes).
    Removing dma.o(.text.DMA_Init), (200 bytes).
    Removing dma.o(.ARM.exidx.text.DMA_Init), (8 bytes).
    Removing dma.o(.text.DMA_Start), (36 bytes).
    Removing dma.o(.ARM.exidx.text.DMA_Start), (8 bytes).
    Removing dma.o(.text.DMA_Abort), (20 bytes).
    Removing dma.o(.ARM.exidx.text.DMA_Abort), (8 bytes).
    Removing dma.o(.text.DMA_UnInit), (44 bytes).
    Removing dma.o(.ARM.exidx.text.DMA_UnInit), (8 bytes).
    Removing dma.o(.ARM.exidx.text.DMA_IRQHandler), (8 bytes).
    Removing flash.o(.text), (0 bytes).
    Removing flash.o(.text.FLASH_MassErase), (56 bytes).
    Removing flash.o(.ARM.exidx.text.FLASH_MassErase), (8 bytes).
    Removing flash.o(.text.FLASH_EraseSector), (64 bytes).
    Removing flash.o(.ARM.exidx.text.FLASH_EraseSector), (8 bytes).
    Removing flash.o(.text.FLASH_ProgramPage), (124 bytes).
    Removing flash.o(.ARM.exidx.text.FLASH_ProgramPage), (8 bytes).
    Removing flash.o(.text.FLASH_Checksum), (28 bytes).
    Removing flash.o(.ARM.exidx.text.FLASH_Checksum), (8 bytes).
    Removing flash.o(.bss.wFLASH_PGRAM), (512 bytes).
    Removing gpio.o(.text), (0 bytes).
    Removing gpio.o(.ARM.exidx.text.GPIO_Init), (8 bytes).
    Removing gpio.o(.ARM.exidx.text.P0_IRQHandler), (8 bytes).
    Removing gpio.o(.ARM.exidx.text.P1_IRQHandler), (8 bytes).
    Removing gpio.o(.ARM.exidx.text.P2_IRQHandler), (8 bytes).
    Removing gpio.o(.ARM.exidx.text.P3_IRQHandler), (8 bytes).
    Removing opa.o(.text), (0 bytes).
    Removing opa.o(.text.OPA_Enable), (16 bytes).
    Removing opa.o(.ARM.exidx.text.OPA_Enable), (8 bytes).
    Removing opa.o(.text.OPA_Disable), (16 bytes).
    Removing opa.o(.ARM.exidx.text.OPA_Disable), (8 bytes).
    Removing opa.o(.text.OPA_PGA_Test), (156 bytes).
    Removing opa.o(.ARM.exidx.text.OPA_PGA_Test), (8 bytes).
    Removing opa.o(.bss.OPA0_ENABLE), (1 bytes).
    Removing opa.o(.data.OPA1_ENABLE), (1 bytes).
    Removing opa.o(.data.OPA2_ENABLE), (1 bytes).
    Removing opa.o(.data.ALL_OPA_ENABLE), (1 bytes).
    Removing pfpa.o(.text), (0 bytes).
    Removing pfpa.o(.ARM.exidx.text.PFPA_Init), (8 bytes).
    Removing rtc.o(.text), (0 bytes).
    Removing rtc.o(.ARM.exidx.text.RTC_IRQHandler), (8 bytes).
    Removing rtc.o(.text.RTC_Init), (80 bytes).
    Removing rtc.o(.ARM.exidx.text.RTC_Init), (8 bytes).
    Removing rtc.o(.text.RTC_SelectClockSource), (24 bytes).
    Removing rtc.o(.ARM.exidx.text.RTC_SelectClockSource), (8 bytes).
    Removing rtc.o(.text.RTC_NvicEnable), (40 bytes).
    Removing rtc.o(.ARM.exidx.text.RTC_NvicEnable), (8 bytes).
    Removing rtc.o(.text.RTC_NvicDisable), (24 bytes).
    Removing rtc.o(.ARM.exidx.text.RTC_NvicDisable), (8 bytes).
    Removing spi0.o(.text), (0 bytes).
    Removing spi0.o(.text.SPI0_Init), (140 bytes).
    Removing spi0.o(.ARM.exidx.text.SPI0_Init), (8 bytes).
    Removing spi0.o(.text.SPI0_Enable), (40 bytes).
    Removing spi0.o(.ARM.exidx.text.SPI0_Enable), (8 bytes).
    Removing spi0.o(.text.SPI0_Disable), (32 bytes).
    Removing spi0.o(.ARM.exidx.text.SPI0_Disable), (8 bytes).
    Removing spi0.o(.text.SPI0_DMAEnable), (20 bytes).
    Removing spi0.o(.ARM.exidx.text.SPI0_DMAEnable), (8 bytes).
    Removing sys_con_drive.o(.text), (0 bytes).
    Removing sys_con_drive.o(.text.SYS0_GetResetStatus), (16 bytes).
    Removing sys_con_drive.o(.ARM.exidx.text.SYS0_GetResetStatus), (8 bytes).
    Removing sys_con_drive.o(.text.SYS0_EnableIHRC), (88 bytes).
    Removing sys_con_drive.o(.ARM.exidx.text.SYS0_EnableIHRC), (8 bytes).
    Removing sys_con_drive.o(.text.SYS0_EnableEHSXtal), (44 bytes).
    Removing sys_con_drive.o(.ARM.exidx.text.SYS0_EnableEHSXtal), (8 bytes).
    Removing sys_con_drive.o(.text.SYS0_EnableELSXtal), (24 bytes).
    Removing sys_con_drive.o(.ARM.exidx.text.SYS0_EnableELSXtal), (8 bytes).
    Removing sys_con_drive.o(.text.SYS0_EnablePLL), (56 bytes).
    Removing sys_con_drive.o(.ARM.exidx.text.SYS0_EnablePLL), (8 bytes).
    Removing sys_con_drive.o(.text.SYS0_SystemClockSwitch), (108 bytes).
    Removing sys_con_drive.o(.ARM.exidx.text.SYS0_SystemClockSwitch), (8 bytes).
    Removing sys_con_drive.o(.text.SYS0_SystemCoreClockUpdate), (52 bytes).
    Removing sys_con_drive.o(.ARM.exidx.text.SYS0_SystemCoreClockUpdate), (8 bytes).
    Removing sys_con_drive.o(.text.SYS1_EnableClockout), (40 bytes).
    Removing sys_con_drive.o(.ARM.exidx.text.SYS1_EnableClockout), (8 bytes).
    Removing sys_con_drive.o(.text.SYS0_LvdControl), (84 bytes).
    Removing sys_con_drive.o(.ARM.exidx.text.SYS0_LvdControl), (8 bytes).
    Removing sys_con_drive.o(.ARM.exidx.text.LVD_IRQHandler), (8 bytes).
    Removing systick.o(.text), (0 bytes).
    Removing systick.o(.text.SysTick_Init), (56 bytes).
    Removing systick.o(.ARM.exidx.text.SysTick_Init), (8 bytes).
    Removing systick.o(.text.SysTick_ConfigTime), (36 bytes).
    Removing systick.o(.ARM.exidx.text.SysTick_ConfigTime), (8 bytes).
    Removing systick.o(.ARM.exidx.text.SysTick_Handler), (8 bytes).
    Removing uart0.o(.text), (0 bytes).
    Removing uart0.o(.ARM.exidx.text.UART0_IRQHandler), (8 bytes).
    Removing uart0.o(.text.UART0_Init), (88 bytes).
    Removing uart0.o(.ARM.exidx.text.UART0_Init), (8 bytes).
    Removing uart0.o(.text.UART0_InterruptEnable), (16 bytes).
    Removing uart0.o(.ARM.exidx.text.UART0_InterruptEnable), (8 bytes).
    Removing uart0.o(.text.UART0_SendByte), (16 bytes).
    Removing uart0.o(.ARM.exidx.text.UART0_SendByte), (8 bytes).
    Removing uart0.o(.text.UART0_Enable), (32 bytes).
    Removing uart0.o(.ARM.exidx.text.UART0_Enable), (8 bytes).
    Removing uart0.o(.text.UART0_Disable), (32 bytes).
    Removing uart0.o(.ARM.exidx.text.UART0_Disable), (8 bytes).
    Removing uart0.o(.text.UART0_DMASizeSet), (32 bytes).
    Removing uart0.o(.ARM.exidx.text.UART0_DMASizeSet), (8 bytes).
    Removing uart0.o(.text.UART0_DMAEnable), (20 bytes).
    Removing uart0.o(.ARM.exidx.text.UART0_DMAEnable), (8 bytes).
    Removing uart0.o(.text.UART0_DMADisable), (12 bytes).
    Removing uart0.o(.ARM.exidx.text.UART0_DMADisable), (8 bytes).
    Removing uart1.o(.text), (0 bytes).
    Removing uart1.o(.ARM.exidx.text.UART1_IRQHandler), (8 bytes).
    Removing uart1.o(.text.UART1_Init), (88 bytes).
    Removing uart1.o(.ARM.exidx.text.UART1_Init), (8 bytes).
    Removing uart1.o(.text.UART1_InterruptEnable), (16 bytes).
    Removing uart1.o(.ARM.exidx.text.UART1_InterruptEnable), (8 bytes).
    Removing uart1.o(.text.UART1_SendByte), (16 bytes).
    Removing uart1.o(.ARM.exidx.text.UART1_SendByte), (8 bytes).
    Removing uart1.o(.text.UART1_Enable), (32 bytes).
    Removing uart1.o(.ARM.exidx.text.UART1_Enable), (8 bytes).
    Removing uart1.o(.text.UART1_Disable), (32 bytes).
    Removing uart1.o(.ARM.exidx.text.UART1_Disable), (8 bytes).
    Removing uart1.o(.text.UART1_DMASizeSet), (32 bytes).
    Removing uart1.o(.ARM.exidx.text.UART1_DMASizeSet), (8 bytes).
    Removing uart1.o(.text.UART1_DMAEnable), (20 bytes).
    Removing uart1.o(.ARM.exidx.text.UART1_DMAEnable), (8 bytes).
    Removing uart1.o(.text.UART1_DMADisable), (12 bytes).
    Removing uart1.o(.ARM.exidx.text.UART1_DMADisable), (8 bytes).
    Removing utility.o(.text), (0 bytes).
    Removing utility.o(.ARM.exidx.text.UT_DelayNx10us), (8 bytes).
    Removing utility.o(.text.UT_DelayNms), (48 bytes).
    Removing utility.o(.ARM.exidx.text.UT_DelayNms), (8 bytes).
    Removing wdt.o(.text), (0 bytes).
    Removing wdt.o(.ARM.exidx.text.WDT_IRQHandler), (8 bytes).
    Removing wdt.o(.ARM.exidx.text.WDT_Init), (8 bytes).
    Removing wdt.o(.text.WDT_ReloadValue), (28 bytes).
    Removing wdt.o(.ARM.exidx.text.WDT_ReloadValue), (8 bytes).
    Removing wdt.o(.text.WDT_NvicEnable), (40 bytes).
    Removing wdt.o(.ARM.exidx.text.WDT_NvicEnable), (8 bytes).
    Removing wdt.o(.text.WDT_NvicDisable), (24 bytes).
    Removing wdt.o(.ARM.exidx.text.WDT_NvicDisable), (8 bytes).
    Removing segment.o(.text), (0 bytes).
    Removing segment.o(.ARM.exidx.text.Digital_DisplayDEC), (8 bytes).
    Removing segment.o(.text.Digital_DisplayHEX), (44 bytes).
    Removing segment.o(.ARM.exidx.text.Digital_DisplayHEX), (8 bytes).
    Removing segment.o(.ARM.exidx.text.Digital_Scan), (8 bytes).
    Removing system_sn32f400.o(.text), (0 bytes).
    Removing system_sn32f400.o(.ARM.exidx.text.SystemCoreClockUpdate), (8 bytes).
    Removing system_sn32f400.o(.ARM.exidx.text.SystemInit), (8 bytes).

212 unused section(s) (total 5114 bytes) removed from the image.

==============================================================================

Image Symbol Table

    Local Symbols

    Symbol Name                              Value     Ov Type        Size  Object(Section)

    ../clib/angel/boardlib.s                 0x00000000   Number         0  boardinit1.o ABSOLUTE
    ../clib/angel/boardlib.s                 0x00000000   Number         0  boardinit2.o ABSOLUTE
    ../clib/angel/boardlib.s                 0x00000000   Number         0  boardinit3.o ABSOLUTE
    ../clib/angel/boardlib.s                 0x00000000   Number         0  boardshut.o ABSOLUTE
    ../clib/angel/handlers.s                 0x00000000   Number         0  __scatter_copy.o ABSOLUTE
    ../clib/angel/handlers.s                 0x00000000   Number         0  __scatter_zi.o ABSOLUTE
    ../clib/angel/kernel.s                   0x00000000   Number         0  __rtentry.o ABSOLUTE
    ../clib/angel/kernel.s                   0x00000000   Number         0  __rtentry2.o ABSOLUTE
    ../clib/angel/kernel.s                   0x00000000   Number         0  __rtentry4.o ABSOLUTE
    ../clib/angel/kernel.s                   0x00000000   Number         0  rtexit.o ABSOLUTE
    ../clib/angel/kernel.s                   0x00000000   Number         0  rtexit2.o ABSOLUTE
    ../clib/angel/rt.s                       0x00000000   Number         0  aeabi_idiv0.o ABSOLUTE
    ../clib/angel/rt.s                       0x00000000   Number         0  aeabi_idiv0_sigfpe.o ABSOLUTE
    ../clib/angel/rt.s                       0x00000000   Number         0  rt_div0.o ABSOLUTE
    ../clib/angel/rt.s                       0x00000000   Number         0  rt_raise.o ABSOLUTE
    ../clib/angel/scatterp.s                 0x00000000   Number         0  __scatter.o ABSOLUTE
    ../clib/angel/startup.s                  0x00000000   Number         0  __main.o ABSOLUTE
    ../clib/angel/sys.s                      0x00000000   Number         0  sys_stackheap_outer.o ABSOLUTE
    ../clib/angel/sys.s                      0x00000000   Number         0  libspace.o ABSOLUTE
    ../clib/angel/sys.s                      0x00000000   Number         0  tempstk.o ABSOLUTE
    ../clib/angel/sys.s                      0x00000000   Number         0  use_no_semi.o ABSOLUTE
    ../clib/angel/sys.s                      0x00000000   Number         0  indicate_semi.o ABSOLUTE
    ../clib/angel/sysapp.c                   0x00000000   Number         0  sys_exit.o ABSOLUTE
    ../clib/angel/sysapp.c                   0x00000000   Number         0  sys_exit_hlt.o ABSOLUTE
    ../clib/angel/sysapp.c                   0x00000000   Number         0  sys_wrch.o ABSOLUTE
    ../clib/angel/sysapp.c                   0x00000000   Number         0  sys_wrch_hlt.o ABSOLUTE
    ../clib/angel/sysapp.c                   0x00000000   Number         0  sys_command.o ABSOLUTE
    ../clib/angel/sysapp.c                   0x00000000   Number         0  sys_command_hlt.o ABSOLUTE
    ../clib/armsys.c                         0x00000000   Number         0  argv_veneer.o ABSOLUTE
    ../clib/armsys.c                         0x00000000   Number         0  _get_argv_nomalloc.o ABSOLUTE
    ../clib/armsys.c                         0x00000000   Number         0  no_argv.o ABSOLUTE
    ../clib/division.s                       0x00000000   Number         0  aeabi_sdivfast.o ABSOLUTE
    ../clib/division.s                       0x00000000   Number         0  aeabi_sdivfast_div0.o ABSOLUTE
    ../clib/heapalloc.c                      0x00000000   Number         0  hrguard.o ABSOLUTE
    ../clib/heapaux.c                        0x00000000   Number         0  heapauxi.o ABSOLUTE
    ../clib/libinit.s                        0x00000000   Number         0  libinit.o ABSOLUTE
    ../clib/libinit.s                        0x00000000   Number         0  libinit2.o ABSOLUTE
    ../clib/libinit.s                        0x00000000   Number         0  libshutdown.o ABSOLUTE
    ../clib/libinit.s                        0x00000000   Number         0  libshutdown2.o ABSOLUTE
    ../clib/signal.c                         0x00000000   Number         0  defsig_fpe_outer.o ABSOLUTE
    ../clib/signal.c                         0x00000000   Number         0  defsig_fpe_formal.o ABSOLUTE
    ../clib/signal.c                         0x00000000   Number         0  defsig_exit.o ABSOLUTE
    ../clib/signal.c                         0x00000000   Number         0  defsig_fpe_inner.o ABSOLUTE
    ../clib/signal.c                         0x00000000   Number         0  __raise.o ABSOLUTE
    ../clib/signal.c                         0x00000000   Number         0  defsig_general.o ABSOLUTE
    ../clib/signal.c                         0x00000000   Number         0  defsig_abrt_inner.o ABSOLUTE
    ../clib/signal.c                         0x00000000   Number         0  defsig_rtred_inner.o ABSOLUTE
    ../clib/signal.c                         0x00000000   Number         0  defsig_rtmem_inner.o ABSOLUTE
    ../clib/signal.c                         0x00000000   Number         0  defsig_rtmem_outer.o ABSOLUTE
    ../clib/signal.c                         0x00000000   Number         0  defsig_rtmem_formal.o ABSOLUTE
    ../clib/signal.c                         0x00000000   Number         0  defsig_stak_inner.o ABSOLUTE
    ../clib/signal.c                         0x00000000   Number         0  defsig_pvfn_inner.o ABSOLUTE
    ../clib/signal.c                         0x00000000   Number         0  defsig_cppl_inner.o ABSOLUTE
    ../clib/signal.c                         0x00000000   Number         0  defsig_segv_inner.o ABSOLUTE
    ../clib/signal.c                         0x00000000   Number         0  defsig_other.o ABSOLUTE
    ../clib/signal.s                         0x00000000   Number         0  defsig.o ABSOLUTE
    ../clib/stdlib.c                         0x00000000   Number         0  exit.o ABSOLUTE
    ../fplib/cfplib/fpinit.c                 0x00000000   Number         0  fpinit.o ABSOLUTE
    ADC.c                                    0x00000000   Number         0  adc.o ABSOLUTE
    CMP.c                                    0x00000000   Number         0  cmp.o ABSOLUTE
    CRC.c                                    0x00000000   Number         0  crc.o ABSOLUTE
    CT16B0.c                                 0x00000000   Number         0  ct16b0.o ABSOLUTE
    CT16B1.c                                 0x00000000   Number         0  ct16b1.o ABSOLUTE
    CT16B5.c                                 0x00000000   Number         0  ct16b5.o ABSOLUTE
    DMA.c                                    0x00000000   Number         0  dma.o ABSOLUTE
    Flash.c                                  0x00000000   Number         0  flash.o ABSOLUTE
    GPIO.c                                   0x00000000   Number         0  gpio.o ABSOLUTE
    OPA.c                                    0x00000000   Number         0  opa.o ABSOLUTE
    PFPA.c                                   0x00000000   Number         0  pfpa.o ABSOLUTE
    RTC.c                                    0x00000000   Number         0  rtc.o ABSOLUTE
    RTE/Device/SN32F407F/startup_SN32F400.s  0x00000000   Number         0  startup_sn32f400.o ABSOLUTE
    SPI0.c                                   0x00000000   Number         0  spi0.o ABSOLUTE
    SYS_con_drive.c                          0x00000000   Number         0  sys_con_drive.o ABSOLUTE
    Segment.c                                0x00000000   Number         0  segment.o ABSOLUTE
    SysTick.c                                0x00000000   Number         0  systick.o ABSOLUTE
    UART0.c                                  0x00000000   Number         0  uart0.o ABSOLUTE
    UART1.c                                  0x00000000   Number         0  uart1.o ABSOLUTE
    Utility.c                                0x00000000   Number         0  utility.o ABSOLUTE
    WDT.c                                    0x00000000   Number         0  wdt.o ABSOLUTE
    dc.s                                     0x00000000   Number         0  dc.o ABSOLUTE
    main.c                                   0x00000000   Number         0  main.o ABSOLUTE
    system_SN32F400.c                        0x00000000   Number         0  system_sn32f400.o ABSOLUTE
    RESET                                    0x00000000   Section      192  startup_sn32f400.o(RESET)
    !!!main                                  0x000000c0   Section        8  __main.o(!!!main)
    !!!scatter                               0x000000c8   Section       84  __scatter.o(!!!scatter)
    !!handler_copy                           0x0000011c   Section       26  __scatter_copy.o(!!handler_copy)
    !!handler_null                           0x00000138   Section        2  __scatter.o(!!handler_null)
    !!handler_zi                             0x0000013c   Section       28  __scatter_zi.o(!!handler_zi)
    .ARM.Collect$$libinit$$00000000          0x00000158   Section        2  libinit.o(.ARM.Collect$$libinit$$00000000)
    .ARM.Collect$$libinit$$00000002          0x0000015a   Section        0  libinit2.o(.ARM.Collect$$libinit$$00000002)
    .ARM.Collect$$libinit$$00000004          0x0000015a   Section        0  libinit2.o(.ARM.Collect$$libinit$$00000004)
    .ARM.Collect$$libinit$$00000006          0x0000015a   Section        0  libinit2.o(.ARM.Collect$$libinit$$00000006)
    .ARM.Collect$$libinit$$0000000C          0x0000015a   Section        0  libinit2.o(.ARM.Collect$$libinit$$0000000C)
    .ARM.Collect$$libinit$$0000000E          0x0000015a   Section        0  libinit2.o(.ARM.Collect$$libinit$$0000000E)
    .ARM.Collect$$libinit$$00000010          0x0000015a   Section        0  libinit2.o(.ARM.Collect$$libinit$$00000010)
    .ARM.Collect$$libinit$$00000013          0x0000015a   Section        0  libinit2.o(.ARM.Collect$$libinit$$00000013)
    .ARM.Collect$$libinit$$00000015          0x0000015a   Section        0  libinit2.o(.ARM.Collect$$libinit$$00000015)
    .ARM.Collect$$libinit$$00000017          0x0000015a   Section        0  libinit2.o(.ARM.Collect$$libinit$$00000017)
    .ARM.Collect$$libinit$$00000019          0x0000015a   Section        0  libinit2.o(.ARM.Collect$$libinit$$00000019)
    .ARM.Collect$$libinit$$0000001B          0x0000015a   Section        0  libinit2.o(.ARM.Collect$$libinit$$0000001B)
    .ARM.Collect$$libinit$$0000001D          0x0000015a   Section        0  libinit2.o(.ARM.Collect$$libinit$$0000001D)
    .ARM.Collect$$libinit$$0000001F          0x0000015a   Section        0  libinit2.o(.ARM.Collect$$libinit$$0000001F)
    .ARM.Collect$$libinit$$00000021          0x0000015a   Section        0  libinit2.o(.ARM.Collect$$libinit$$00000021)
    .ARM.Collect$$libinit$$00000023          0x0000015a   Section        0  libinit2.o(.ARM.Collect$$libinit$$00000023)
    .ARM.Collect$$libinit$$00000025          0x0000015a   Section        0  libinit2.o(.ARM.Collect$$libinit$$00000025)
    .ARM.Collect$$libinit$$00000027          0x0000015a   Section        0  libinit2.o(.ARM.Collect$$libinit$$00000027)
    .ARM.Collect$$libinit$$0000002E          0x0000015a   Section        0  libinit2.o(.ARM.Collect$$libinit$$0000002E)
    .ARM.Collect$$libinit$$00000030          0x0000015a   Section        0  libinit2.o(.ARM.Collect$$libinit$$00000030)
    .ARM.Collect$$libinit$$00000032          0x0000015a   Section        0  libinit2.o(.ARM.Collect$$libinit$$00000032)
    .ARM.Collect$$libinit$$00000034          0x0000015a   Section        0  libinit2.o(.ARM.Collect$$libinit$$00000034)
    .ARM.Collect$$libinit$$00000035          0x0000015a   Section        2  libinit2.o(.ARM.Collect$$libinit$$00000035)
    .ARM.Collect$$libshutdown$$00000000      0x0000015c   Section        2  libshutdown.o(.ARM.Collect$$libshutdown$$00000000)
    .ARM.Collect$$libshutdown$$00000002      0x0000015e   Section        0  libshutdown2.o(.ARM.Collect$$libshutdown$$00000002)
    .ARM.Collect$$libshutdown$$00000004      0x0000015e   Section        0  libshutdown2.o(.ARM.Collect$$libshutdown$$00000004)
    .ARM.Collect$$libshutdown$$00000007      0x0000015e   Section        0  libshutdown2.o(.ARM.Collect$$libshutdown$$00000007)
    .ARM.Collect$$libshutdown$$0000000A      0x0000015e   Section        0  libshutdown2.o(.ARM.Collect$$libshutdown$$0000000A)
    .ARM.Collect$$libshutdown$$0000000C      0x0000015e   Section        0  libshutdown2.o(.ARM.Collect$$libshutdown$$0000000C)
    .ARM.Collect$$libshutdown$$0000000F      0x0000015e   Section        0  libshutdown2.o(.ARM.Collect$$libshutdown$$0000000F)
    .ARM.Collect$$libshutdown$$00000010      0x0000015e   Section        2  libshutdown2.o(.ARM.Collect$$libshutdown$$00000010)
    .ARM.Collect$$rtentry$$00000000          0x00000160   Section        0  __rtentry.o(.ARM.Collect$$rtentry$$00000000)
    .ARM.Collect$$rtentry$$00000002          0x00000160   Section        0  __rtentry2.o(.ARM.Collect$$rtentry$$00000002)
    .ARM.Collect$$rtentry$$00000004          0x00000160   Section        6  __rtentry4.o(.ARM.Collect$$rtentry$$00000004)
    .ARM.Collect$$rtentry$$00000009          0x00000166   Section        0  __rtentry2.o(.ARM.Collect$$rtentry$$00000009)
    .ARM.Collect$$rtentry$$0000000A          0x00000166   Section        4  __rtentry2.o(.ARM.Collect$$rtentry$$0000000A)
    .ARM.Collect$$rtentry$$0000000C          0x0000016a   Section        0  __rtentry2.o(.ARM.Collect$$rtentry$$0000000C)
    .ARM.Collect$$rtentry$$0000000D          0x0000016a   Section        8  __rtentry2.o(.ARM.Collect$$rtentry$$0000000D)
    .ARM.Collect$$rtexit$$00000000           0x00000172   Section        2  rtexit.o(.ARM.Collect$$rtexit$$00000000)
    .ARM.Collect$$rtexit$$00000002           0x00000174   Section        0  rtexit2.o(.ARM.Collect$$rtexit$$00000002)
    .ARM.Collect$$rtexit$$00000003           0x00000174   Section        4  rtexit2.o(.ARM.Collect$$rtexit$$00000003)
    .ARM.Collect$$rtexit$$00000004           0x00000178   Section        6  rtexit2.o(.ARM.Collect$$rtexit$$00000004)
    .text                                    0x00000180   Section       60  startup_sn32f400.o(.text)
    .text                                    0x000001bc   Section        0  heapauxi.o(.text)
    .text                                    0x000001c2   Section       62  sys_stackheap_outer.o(.text)
    .text                                    0x00000200   Section        0  exit.o(.text)
    .text                                    0x00000210   Section        8  libspace.o(.text)
    .text                                    0x00000218   Section        0  sys_exit.o(.text)
    .text                                    0x00000224   Section        2  use_no_semi.o(.text)
    .text                                    0x00000226   Section        0  indicate_semi.o(.text)
    [Anonymous Symbol]                       0x00000228   Section        0  adc.o(.text.ADC_IRQHandler)
    __arm_cp.0_0                             0x000005d4   Number         4  adc.o(.text.ADC_IRQHandler)
    __arm_cp.0_1                             0x000005d8   Number         4  adc.o(.text.ADC_IRQHandler)
    [Anonymous Symbol]                       0x000005dc   Section        0  cmp.o(.text.CMP0_IRQHandler)
    [Anonymous Symbol]                       0x000005e8   Section        0  cmp.o(.text.CMP1_IRQHandler)
    [Anonymous Symbol]                       0x000005f4   Section        0  cmp.o(.text.CMP2_IRQHandler)
    [Anonymous Symbol]                       0x00000600   Section        0  cmp.o(.text.CMP3_IRQHandler)
    __arm_cp.3_0                             0x0000060c   Number         4  cmp.o(.text.CMP3_IRQHandler)
    [Anonymous Symbol]                       0x00000610   Section        0  ct16b0.o(.text.CT16B0_IRQHandler)
    __arm_cp.0_0                             0x0000061c   Number         4  ct16b0.o(.text.CT16B0_IRQHandler)
    [Anonymous Symbol]                       0x00000620   Section        0  ct16b1.o(.text.CT16B1_IRQHandler)
    __arm_cp.0_0                             0x00000700   Number         4  ct16b1.o(.text.CT16B1_IRQHandler)
    __arm_cp.0_1                             0x00000704   Number         4  ct16b1.o(.text.CT16B1_IRQHandler)
    [Anonymous Symbol]                       0x00000708   Section        0  ct16b5.o(.text.CT16B5_IRQHandler)
    __arm_cp.0_0                             0x000007e8   Number         4  ct16b5.o(.text.CT16B5_IRQHandler)
    __arm_cp.0_1                             0x000007ec   Number         4  ct16b5.o(.text.CT16B5_IRQHandler)
    [Anonymous Symbol]                       0x000007f0   Section        0  dma.o(.text.DMA_IRQHandler)
    __arm_cp.4_0                             0x00000834   Number         4  dma.o(.text.DMA_IRQHandler)
    __arm_cp.4_1                             0x00000838   Number         4  dma.o(.text.DMA_IRQHandler)
    [Anonymous Symbol]                       0x0000083c   Section        0  segment.o(.text.Digital_DisplayDEC)
    __arm_cp.0_0                             0x000008a8   Number         4  segment.o(.text.Digital_DisplayDEC)
    __arm_cp.0_1                             0x000008ac   Number         4  segment.o(.text.Digital_DisplayDEC)
    __arm_cp.0_2                             0x000008b0   Number         4  segment.o(.text.Digital_DisplayDEC)
    __arm_cp.0_4                             0x000008b4   Number         4  segment.o(.text.Digital_DisplayDEC)
    __arm_cp.0_5                             0x000008b8   Number         4  segment.o(.text.Digital_DisplayDEC)
    __arm_cp.0_6                             0x000008bc   Number         4  segment.o(.text.Digital_DisplayDEC)
    __arm_cp.0_7                             0x000008c0   Number         4  segment.o(.text.Digital_DisplayDEC)
    [Anonymous Symbol]                       0x000008c4   Section        0  segment.o(.text.Digital_Scan)
    __arm_cp.2_0                             0x000008f8   Number         4  segment.o(.text.Digital_Scan)
    __arm_cp.2_1                             0x000008fc   Number         4  segment.o(.text.Digital_Scan)
    __arm_cp.2_2                             0x00000900   Number         4  segment.o(.text.Digital_Scan)
    __arm_cp.2_4                             0x00000914   Number         4  segment.o(.text.Digital_Scan)
    [Anonymous Symbol]                       0x00000918   Section        0  gpio.o(.text.GPIO_Init)
    __arm_cp.0_0                             0x0000092c   Number         4  gpio.o(.text.GPIO_Init)
    __arm_cp.0_1                             0x00000930   Number         4  gpio.o(.text.GPIO_Init)
    [Anonymous Symbol]                       0x00000934   Section        0  main.o(.text.HardFault_Handler)
    __arm_cp.4_0                             0x00000948   Number         4  main.o(.text.HardFault_Handler)
    __arm_cp.4_1                             0x0000094c   Number         4  main.o(.text.HardFault_Handler)
    [Anonymous Symbol]                       0x00000950   Section        0  sys_con_drive.o(.text.LVD_IRQHandler)
    __arm_cp.9_0                             0x0000095c   Number         4  sys_con_drive.o(.text.LVD_IRQHandler)
    [Anonymous Symbol]                       0x00000960   Section        0  gpio.o(.text.P0_IRQHandler)
    __arm_cp.1_0                             0x00000968   Number         4  gpio.o(.text.P0_IRQHandler)
    [Anonymous Symbol]                       0x0000096c   Section        0  gpio.o(.text.P1_IRQHandler)
    __arm_cp.2_0                             0x00000974   Number         4  gpio.o(.text.P1_IRQHandler)
    [Anonymous Symbol]                       0x00000978   Section        0  gpio.o(.text.P2_IRQHandler)
    __arm_cp.3_0                             0x00000980   Number         4  gpio.o(.text.P2_IRQHandler)
    [Anonymous Symbol]                       0x00000984   Section        0  gpio.o(.text.P3_IRQHandler)
    __arm_cp.4_0                             0x0000098c   Number         4  gpio.o(.text.P3_IRQHandler)
    __arm_cp.4_1                             0x00000990   Number         4  gpio.o(.text.P3_IRQHandler)
    [Anonymous Symbol]                       0x00000994   Section        0  pfpa.o(.text.PFPA_Init)
    __arm_cp.0_0                             0x000009ac   Number         4  pfpa.o(.text.PFPA_Init)
    __arm_cp.0_1                             0x000009b0   Number         4  pfpa.o(.text.PFPA_Init)
    [Anonymous Symbol]                       0x000009b4   Section        0  rtc.o(.text.RTC_IRQHandler)
    __arm_cp.0_0                             0x000009d4   Number         4  rtc.o(.text.RTC_IRQHandler)
    __arm_cp.0_1                             0x000009d8   Number         4  rtc.o(.text.RTC_IRQHandler)
    [Anonymous Symbol]                       0x000009dc   Section        0  systick.o(.text.SysTick_Handler)
    __arm_cp.2_0                             0x00000a04   Number         4  systick.o(.text.SysTick_Handler)
    __arm_cp.2_1                             0x00000a08   Number         4  systick.o(.text.SysTick_Handler)
    __arm_cp.2_2                             0x00000a0c   Number         4  systick.o(.text.SysTick_Handler)
    [Anonymous Symbol]                       0x00000a10   Section        0  system_sn32f400.o(.text.SystemCoreClockUpdate)
    __arm_cp.0_0                             0x00000aac   Number         4  system_sn32f400.o(.text.SystemCoreClockUpdate)
    __arm_cp.0_1                             0x00000ab0   Number         4  system_sn32f400.o(.text.SystemCoreClockUpdate)
    __arm_cp.0_2                             0x00000ab4   Number         4  system_sn32f400.o(.text.SystemCoreClockUpdate)
    __arm_cp.0_3                             0x00000ab8   Number         4  system_sn32f400.o(.text.SystemCoreClockUpdate)
    __arm_cp.0_4                             0x00000abc   Number         4  system_sn32f400.o(.text.SystemCoreClockUpdate)
    __arm_cp.0_5                             0x00000ac0   Number         4  system_sn32f400.o(.text.SystemCoreClockUpdate)
    __arm_cp.0_8                             0x00000ae4   Number         4  system_sn32f400.o(.text.SystemCoreClockUpdate)
    __arm_cp.0_9                             0x00000ae8   Number         4  system_sn32f400.o(.text.SystemCoreClockUpdate)
    [Anonymous Symbol]                       0x00000aec   Section        0  system_sn32f400.o(.text.SystemInit)
    __arm_cp.1_0                             0x00000b18   Number         4  system_sn32f400.o(.text.SystemInit)
    [Anonymous Symbol]                       0x00000b1c   Section        0  uart0.o(.text.UART0_IRQHandler)
    __arm_cp.0_0                             0x00000ba4   Number         4  uart0.o(.text.UART0_IRQHandler)
    __arm_cp.0_1                             0x00000ba8   Number         4  uart0.o(.text.UART0_IRQHandler)
    __arm_cp.0_2                             0x00000bac   Number         4  uart0.o(.text.UART0_IRQHandler)
    __arm_cp.0_3                             0x00000bb0   Number         4  uart0.o(.text.UART0_IRQHandler)
    [Anonymous Symbol]                       0x00000bb4   Section        0  uart1.o(.text.UART1_IRQHandler)
    __arm_cp.0_0                             0x00000c3c   Number         4  uart1.o(.text.UART1_IRQHandler)
    __arm_cp.0_1                             0x00000c40   Number         4  uart1.o(.text.UART1_IRQHandler)
    __arm_cp.0_2                             0x00000c44   Number         4  uart1.o(.text.UART1_IRQHandler)
    __arm_cp.0_3                             0x00000c48   Number         4  uart1.o(.text.UART1_IRQHandler)
    [Anonymous Symbol]                       0x00000c4c   Section        0  utility.o(.text.UT_DelayNx10us)
    [Anonymous Symbol]                       0x00000c64   Section        0  wdt.o(.text.WDT_IRQHandler)
    [Anonymous Symbol]                       0x00000c78   Section        0  wdt.o(.text.WDT_Init)
    __arm_cp.1_0                             0x00000c94   Number         4  wdt.o(.text.WDT_Init)
    __arm_cp.1_1                             0x00000c98   Number         4  wdt.o(.text.WDT_Init)
    [Anonymous Symbol]                       0x00000c9c   Section        0  main.o(.text.main)
    __arm_cp.2_32                            0x00000e90   Number         4  main.o(.text.main)
    __arm_cp.2_35                            0x00000e9c   Number         4  main.o(.text.main)
    __arm_cp.2_36                            0x00000ea0   Number         4  main.o(.text.main)
    __arm_cp.2_38                            0x00000ea8   Number         4  main.o(.text.main)
    __arm_cp.2_39                            0x00000eac   Number         4  main.o(.text.main)
    __arm_cp.2_40                            0x00000eb0   Number         4  main.o(.text.main)
    __arm_cp.2_1                             0x00001168   Number         4  main.o(.text.main)
    __arm_cp.2_2                             0x0000116c   Number         4  main.o(.text.main)
    __arm_cp.2_5                             0x00001170   Number         4  main.o(.text.main)
    __arm_cp.2_7                             0x00001174   Number         4  main.o(.text.main)
    __arm_cp.2_8                             0x00001178   Number         4  main.o(.text.main)
    __arm_cp.2_11                            0x0000117c   Number         4  main.o(.text.main)
    __arm_cp.2_12                            0x00001180   Number         4  main.o(.text.main)
    __arm_cp.2_13                            0x00001184   Number         4  main.o(.text.main)
    __arm_cp.2_14                            0x00001188   Number         4  main.o(.text.main)
    __arm_cp.2_15                            0x0000118c   Number         4  main.o(.text.main)
    __arm_cp.2_16                            0x00001190   Number         4  main.o(.text.main)
    __arm_cp.2_17                            0x00001194   Number         4  main.o(.text.main)
    __arm_cp.2_18                            0x00001198   Number         4  main.o(.text.main)
    __arm_cp.2_19                            0x0000119c   Number         4  main.o(.text.main)
    __arm_cp.2_20                            0x000011a0   Number         4  main.o(.text.main)
    __arm_cp.2_21                            0x000011a4   Number         4  main.o(.text.main)
    __arm_cp.2_22                            0x000011a8   Number         4  main.o(.text.main)
    __arm_cp.2_23                            0x000011ac   Number         4  main.o(.text.main)
    __arm_cp.2_24                            0x000011b0   Number         4  main.o(.text.main)
    __arm_cp.2_25                            0x000011b4   Number         4  main.o(.text.main)
    __arm_cp.2_26                            0x000011b8   Number         4  main.o(.text.main)
    __arm_cp.2_27                            0x000011bc   Number         4  main.o(.text.main)
    __arm_cp.2_28                            0x000011c0   Number         4  main.o(.text.main)
    __arm_cp.2_29                            0x000011c4   Number         4  main.o(.text.main)
    __arm_cp.2_30                            0x000011c8   Number         4  main.o(.text.main)
    .text_divfast                            0x000011cc   Section      502  aeabi_sdivfast.o(.text_divfast)
    [Anonymous Symbol]                       0x000013c4   Section        0  main.o(.rodata..Lswitch.table.main.1)
    .ARM.__at_0x00007FFC                     0x00007ffc   Section        4  startup_sn32f400.o(.ARM.__at_0x00007FFC)
    .bss                                     0x20000008   Section       96  libspace.o(.bss)
    SysTick_Handler.i                        0x20000070   Data           4  systick.o(.bss.SysTick_Handler.i)
    [Anonymous Symbol]                       0x20000070   Section        0  systick.o(.bss.SysTick_Handler.i)
    main.btn10_press_time                    0x20000100   Data           2  main.o(.bss.main.btn10_press_time)
    [Anonymous Symbol]                       0x20000100   Section        0  main.o(.bss.main.btn10_press_time)
    main.btn16_press_time                    0x20000102   Data           2  main.o(.bss.main.btn16_press_time)
    [Anonymous Symbol]                       0x20000102   Section        0  main.o(.bss.main.btn16_press_time)
    main.btn3_press_time                     0x20000104   Data           2  main.o(.bss.main.btn3_press_time)
    [Anonymous Symbol]                       0x20000104   Section        0  main.o(.bss.main.btn3_press_time)
    main.btn6_press_time                     0x20000106   Data           2  main.o(.bss.main.btn6_press_time)
    [Anonymous Symbol]                       0x20000106   Section        0  main.o(.bss.main.btn6_press_time)
    Heap_Mem                                 0x20000130   Data           0  startup_sn32f400.o(HEAP)
    Stack_Mem                                0x20000130   Data         512  startup_sn32f400.o(STACK)
    HEAP                                     0x20000130   Section        0  startup_sn32f400.o(HEAP)
    STACK                                    0x20000130   Section      512  startup_sn32f400.o(STACK)
    __initial_sp                             0x20000330   Data           0  startup_sn32f400.o(STACK)

    Global Symbols

    Symbol Name                              Value     Ov Type        Size  Object(Section)

    BuildAttributes$$THM_ISAv3M$S$PE$A:L22$X:L11$S22$IEEE1$IW$~IW$USESV6$~STKCKD$USESV7$~SHL$OTIME$ROPI$EBA8$UX$STANDARDLIB$REQ8$PRES8$EABIv2 0x00000000   Number         0  anon$$obj.o ABSOLUTE
    __Vectors                                0x00000000   Data           4  startup_sn32f400.o(RESET)
    __ARM_exceptions_init                     - Undefined Weak Reference
    __alloca_initialize                       - Undefined Weak Reference
    __arm_preinit_                            - Undefined Weak Reference
    __arm_relocate_pie_                       - Undefined Weak Reference
    __cpp_initialize__aeabi_                  - Undefined Weak Reference
    __cxa_finalize                            - Undefined Weak Reference
    __rt_locale                               - Undefined Weak Reference
    __sigvec_lookup                           - Undefined Weak Reference
    _atexit_init                              - Undefined Weak Reference
    _call_atexit_fns                          - Undefined Weak Reference
    _clock_init                               - Undefined Weak Reference
    _fp_trap_init                             - Undefined Weak Reference
    _fp_trap_shutdown                         - Undefined Weak Reference
    _get_lc_collate                           - Undefined Weak Reference
    _get_lc_ctype                             - Undefined Weak Reference
    _get_lc_monetary                          - Undefined Weak Reference
    _get_lc_numeric                           - Undefined Weak Reference
    _get_lc_time                              - Undefined Weak Reference
    _getenv_init                              - Undefined Weak Reference
    _handle_redirection                       - Undefined Weak Reference
    _init_alloc                               - Undefined Weak Reference
    _init_user_alloc                          - Undefined Weak Reference
    _initio                                   - Undefined Weak Reference
    _rand_init                                - Undefined Weak Reference
    _signal_finish                            - Undefined Weak Reference
    _signal_init                              - Undefined Weak Reference
    _terminate_alloc                          - Undefined Weak Reference
    _terminate_user_alloc                     - Undefined Weak Reference
    _terminateio                              - Undefined Weak Reference
    __main                                   0x000000c1   Thumb Code     8  __main.o(!!!main)
    __scatterload                            0x000000c9   Thumb Code     0  __scatter.o(!!!scatter)
    __scatterload_rt2                        0x000000c9   Thumb Code    74  __scatter.o(!!!scatter)
    __scatterload_rt2_thumb_only             0x000000c9   Thumb Code     0  __scatter.o(!!!scatter)
    __scatterload_loop                       0x000000d3   Thumb Code     0  __scatter.o(!!!scatter)
    __scatterload_copy                       0x0000011d   Thumb Code    26  __scatter_copy.o(!!handler_copy)
    __scatterload_null                       0x00000139   Thumb Code     2  __scatter.o(!!handler_null)
    __scatterload_zeroinit                   0x0000013d   Thumb Code    28  __scatter_zi.o(!!handler_zi)
    __rt_lib_init                            0x00000159   Thumb Code     0  libinit.o(.ARM.Collect$$libinit$$00000000)
    __rt_lib_init_alloca_1                   0x0000015b   Thumb Code     0  libinit2.o(.ARM.Collect$$libinit$$00000030)
    __rt_lib_init_argv_1                     0x0000015b   Thumb Code     0  libinit2.o(.ARM.Collect$$libinit$$0000002E)
    __rt_lib_init_atexit_1                   0x0000015b   Thumb Code     0  libinit2.o(.ARM.Collect$$libinit$$0000001D)
    __rt_lib_init_clock_1                    0x0000015b   Thumb Code     0  libinit2.o(.ARM.Collect$$libinit$$00000023)
    __rt_lib_init_cpp_1                      0x0000015b   Thumb Code     0  libinit2.o(.ARM.Collect$$libinit$$00000034)
    __rt_lib_init_exceptions_1               0x0000015b   Thumb Code     0  libinit2.o(.ARM.Collect$$libinit$$00000032)
    __rt_lib_init_fp_1                       0x0000015b   Thumb Code     0  libinit2.o(.ARM.Collect$$libinit$$00000002)
    __rt_lib_init_fp_trap_1                  0x0000015b   Thumb Code     0  libinit2.o(.ARM.Collect$$libinit$$00000021)
    __rt_lib_init_getenv_1                   0x0000015b   Thumb Code     0  libinit2.o(.ARM.Collect$$libinit$$00000025)
    __rt_lib_init_heap_1                     0x0000015b   Thumb Code     0  libinit2.o(.ARM.Collect$$libinit$$0000000C)
    __rt_lib_init_lc_collate_1               0x0000015b   Thumb Code     0  libinit2.o(.ARM.Collect$$libinit$$00000013)
    __rt_lib_init_lc_ctype_1                 0x0000015b   Thumb Code     0  libinit2.o(.ARM.Collect$$libinit$$00000015)
    __rt_lib_init_lc_monetary_1              0x0000015b   Thumb Code     0  libinit2.o(.ARM.Collect$$libinit$$00000017)
    __rt_lib_init_lc_numeric_1               0x0000015b   Thumb Code     0  libinit2.o(.ARM.Collect$$libinit$$00000019)
    __rt_lib_init_lc_time_1                  0x0000015b   Thumb Code     0  libinit2.o(.ARM.Collect$$libinit$$0000001B)
    __rt_lib_init_preinit_1                  0x0000015b   Thumb Code     0  libinit2.o(.ARM.Collect$$libinit$$00000006)
    __rt_lib_init_rand_1                     0x0000015b   Thumb Code     0  libinit2.o(.ARM.Collect$$libinit$$00000010)
    __rt_lib_init_relocate_pie_1             0x0000015b   Thumb Code     0  libinit2.o(.ARM.Collect$$libinit$$00000004)
    __rt_lib_init_return                     0x0000015b   Thumb Code     0  libinit2.o(.ARM.Collect$$libinit$$00000035)
    __rt_lib_init_signal_1                   0x0000015b   Thumb Code     0  libinit2.o(.ARM.Collect$$libinit$$0000001F)
    __rt_lib_init_stdio_1                    0x0000015b   Thumb Code     0  libinit2.o(.ARM.Collect$$libinit$$00000027)
    __rt_lib_init_user_alloc_1               0x0000015b   Thumb Code     0  libinit2.o(.ARM.Collect$$libinit$$0000000E)
    __rt_lib_shutdown                        0x0000015d   Thumb Code     0  libshutdown.o(.ARM.Collect$$libshutdown$$00000000)
    __rt_lib_shutdown_cpp_1                  0x0000015f   Thumb Code     0  libshutdown2.o(.ARM.Collect$$libshutdown$$00000002)
    __rt_lib_shutdown_fp_trap_1              0x0000015f   Thumb Code     0  libshutdown2.o(.ARM.Collect$$libshutdown$$00000007)
    __rt_lib_shutdown_heap_1                 0x0000015f   Thumb Code     0  libshutdown2.o(.ARM.Collect$$libshutdown$$0000000F)
    __rt_lib_shutdown_return                 0x0000015f   Thumb Code     0  libshutdown2.o(.ARM.Collect$$libshutdown$$00000010)
    __rt_lib_shutdown_signal_1               0x0000015f   Thumb Code     0  libshutdown2.o(.ARM.Collect$$libshutdown$$0000000A)
    __rt_lib_shutdown_stdio_1                0x0000015f   Thumb Code     0  libshutdown2.o(.ARM.Collect$$libshutdown$$00000004)
    __rt_lib_shutdown_user_alloc_1           0x0000015f   Thumb Code     0  libshutdown2.o(.ARM.Collect$$libshutdown$$0000000C)
    __rt_entry                               0x00000161   Thumb Code     0  __rtentry.o(.ARM.Collect$$rtentry$$00000000)
    __rt_entry_presh_1                       0x00000161   Thumb Code     0  __rtentry2.o(.ARM.Collect$$rtentry$$00000002)
    __rt_entry_sh                            0x00000161   Thumb Code     0  __rtentry4.o(.ARM.Collect$$rtentry$$00000004)
    __rt_entry_li                            0x00000167   Thumb Code     0  __rtentry2.o(.ARM.Collect$$rtentry$$0000000A)
    __rt_entry_postsh_1                      0x00000167   Thumb Code     0  __rtentry2.o(.ARM.Collect$$rtentry$$00000009)
    __rt_entry_main                          0x0000016b   Thumb Code     0  __rtentry2.o(.ARM.Collect$$rtentry$$0000000D)
    __rt_entry_postli_1                      0x0000016b   Thumb Code     0  __rtentry2.o(.ARM.Collect$$rtentry$$0000000C)
    __rt_exit                                0x00000173   Thumb Code     0  rtexit.o(.ARM.Collect$$rtexit$$00000000)
    __rt_exit_ls                             0x00000175   Thumb Code     0  rtexit2.o(.ARM.Collect$$rtexit$$00000003)
    __rt_exit_prels_1                        0x00000175   Thumb Code     0  rtexit2.o(.ARM.Collect$$rtexit$$00000002)
    __rt_exit_exit                           0x00000179   Thumb Code     0  rtexit2.o(.ARM.Collect$$rtexit$$00000004)
    Reset_Handler                            0x00000181   Thumb Code    10  startup_sn32f400.o(.text)
    NMI_Handler                              0x0000018b   Thumb Code     2  startup_sn32f400.o(.text)
    SVC_Handler                              0x0000018f   Thumb Code     2  startup_sn32f400.o(.text)
    PendSV_Handler                           0x00000191   Thumb Code     2  startup_sn32f400.o(.text)
    ATAN_IRQHandler                          0x00000195   Thumb Code     0  startup_sn32f400.o(.text)
    DIV_IRQHandler                           0x00000195   Thumb Code     0  startup_sn32f400.o(.text)
    FOC_IRQHandler                           0x00000195   Thumb Code     0  startup_sn32f400.o(.text)
    I2C0_IRQHandler                          0x00000195   Thumb Code     0  startup_sn32f400.o(.text)
    NDT_IRQHandler                           0x00000195   Thumb Code     0  startup_sn32f400.o(.text)
    SPI0_IRQHandler                          0x00000195   Thumb Code     0  startup_sn32f400.o(.text)
    SQRT_IRQHandler                          0x00000195   Thumb Code     0  startup_sn32f400.o(.text)
    __user_initial_stackheap                 0x00000199   Thumb Code     0  startup_sn32f400.o(.text)
    __use_two_region_memory                  0x000001bd   Thumb Code     2  heapauxi.o(.text)
    __rt_heap_escrow$2region                 0x000001bf   Thumb Code     2  heapauxi.o(.text)
    __rt_heap_expand$2region                 0x000001c1   Thumb Code     2  heapauxi.o(.text)
    __user_setup_stackheap                   0x000001c3   Thumb Code    62  sys_stackheap_outer.o(.text)
    exit                                     0x00000201   Thumb Code    16  exit.o(.text)
    __user_libspace                          0x00000211   Thumb Code     8  libspace.o(.text)
    __user_perproc_libspace                  0x00000211   Thumb Code     0  libspace.o(.text)
    __user_perthread_libspace                0x00000211   Thumb Code     0  libspace.o(.text)
    _sys_exit                                0x00000219   Thumb Code     8  sys_exit.o(.text)
    __I$use$semihosting                      0x00000225   Thumb Code     0  use_no_semi.o(.text)
    __use_no_semihosting_swi                 0x00000225   Thumb Code     2  use_no_semi.o(.text)
    __semihosting_library_function           0x00000227   Thumb Code     0  indicate_semi.o(.text)
    ADC_IRQHandler                           0x00000229   Thumb Code   940  adc.o(.text.ADC_IRQHandler)
    CMP0_IRQHandler                          0x000005dd   Thumb Code    12  cmp.o(.text.CMP0_IRQHandler)
    CMP1_IRQHandler                          0x000005e9   Thumb Code    12  cmp.o(.text.CMP1_IRQHandler)
    CMP2_IRQHandler                          0x000005f5   Thumb Code    12  cmp.o(.text.CMP2_IRQHandler)
    CMP3_IRQHandler                          0x00000601   Thumb Code    12  cmp.o(.text.CMP3_IRQHandler)
    CT16B0_IRQHandler                        0x00000611   Thumb Code    12  ct16b0.o(.text.CT16B0_IRQHandler)
    CT16B1_IRQHandler                        0x00000621   Thumb Code   224  ct16b1.o(.text.CT16B1_IRQHandler)
    CT16B5_IRQHandler                        0x00000709   Thumb Code   224  ct16b5.o(.text.CT16B5_IRQHandler)
    DMA_IRQHandler                           0x000007f1   Thumb Code    68  dma.o(.text.DMA_IRQHandler)
    Digital_DisplayDEC                       0x0000083d   Thumb Code   108  segment.o(.text.Digital_DisplayDEC)
    Digital_Scan                             0x000008c5   Thumb Code    52  segment.o(.text.Digital_Scan)
    GPIO_Init                                0x00000919   Thumb Code    20  gpio.o(.text.GPIO_Init)
    HardFault_Handler                        0x00000935   Thumb Code    20  main.o(.text.HardFault_Handler)
    LVD_IRQHandler                           0x00000951   Thumb Code    12  sys_con_drive.o(.text.LVD_IRQHandler)
    P0_IRQHandler                            0x00000961   Thumb Code     8  gpio.o(.text.P0_IRQHandler)
    P1_IRQHandler                            0x0000096d   Thumb Code     8  gpio.o(.text.P1_IRQHandler)
    P2_IRQHandler                            0x00000979   Thumb Code     8  gpio.o(.text.P2_IRQHandler)
    P3_IRQHandler                            0x00000985   Thumb Code     8  gpio.o(.text.P3_IRQHandler)
    PFPA_Init                                0x00000995   Thumb Code    24  pfpa.o(.text.PFPA_Init)
    RTC_IRQHandler                           0x000009b5   Thumb Code    32  rtc.o(.text.RTC_IRQHandler)
    SysTick_Handler                          0x000009dd   Thumb Code    40  systick.o(.text.SysTick_Handler)
    SystemCoreClockUpdate                    0x00000a11   Thumb Code   156  system_sn32f400.o(.text.SystemCoreClockUpdate)
    SystemInit                               0x00000aed   Thumb Code    44  system_sn32f400.o(.text.SystemInit)
    UART0_IRQHandler                         0x00000b1d   Thumb Code   136  uart0.o(.text.UART0_IRQHandler)
    UART1_IRQHandler                         0x00000bb5   Thumb Code   136  uart1.o(.text.UART1_IRQHandler)
    UT_DelayNx10us                           0x00000c4d   Thumb Code    22  utility.o(.text.UT_DelayNx10us)
    WDT_IRQHandler                           0x00000c65   Thumb Code    20  wdt.o(.text.WDT_IRQHandler)
    WDT_Init                                 0x00000c79   Thumb Code    28  wdt.o(.text.WDT_Init)
    main                                     0x00000c9d   Thumb Code  1220  main.o(.text.main)
    __aeabi_uidiv                            0x000011cd   Thumb Code    68  aeabi_sdivfast.o(.text_divfast)
    __aeabi_idiv                             0x00001211   Thumb Code   434  aeabi_sdivfast.o(.text_divfast)
    SEGMENT_TABLE                            0x000013d4   Data          17  segment.o(.rodata.SEGMENT_TABLE)
    Region$$Table$$Base                      0x000013e8   Number         0  anon$$obj.o(Region$$Table)
    Region$$Table$$Limit                     0x00001408   Number         0  anon$$obj.o(Region$$Table)
    alarm_hours                              0x20000000   Data           1  main.o(.data.alarm_hours)
    alarm_minutes                            0x20000001   Data           1  main.o(.data.alarm_minutes)
    blink_state                              0x20000002   Data           1  main.o(.data.blink_state)
    __libspace_start                         0x20000008   Data          96  libspace.o(.bss)
    GulNum                                   0x20000068   Data           4  uart0.o(.bss.GulNum)
    __temporary_stack_top$libspace           0x20000068   Data           0  libspace.o(.bss)
    GulNum1                                  0x2000006c   Data           4  uart1.o(.bss.GulNum1)
    SystemCoreClock                          0x20000074   Data           4  system_sn32f400.o(.bss.SystemCoreClock)
    alarm_timer                              0x20000078   Data           2  main.o(.bss.alarm_timer)
    bUART0_RecvFIFO                          0x2000007a   Data          56  uart0.o(.bss.bUART0_RecvFIFO)
    bUART0_RecvNew                           0x200000b2   Data           1  uart0.o(.bss.bUART0_RecvNew)
    bUART1_RecvFIFO                          0x200000b3   Data          56  uart1.o(.bss.bUART1_RecvFIFO)
    bUART1_RecvNew                           0x200000eb   Data           1  uart1.o(.bss.bUART1_RecvNew)
    beep_timer                               0x200000ec   Data           2  main.o(.bss.beep_timer)
    blink_tick                               0x200000ee   Data           2  main.o(.bss.blink_tick)
    com_scan                                 0x200000f0   Data           1  segment.o(.bss.com_scan)
    hours                                    0x200000f1   Data           1  main.o(.bss.hours)
    inactivity_timer                         0x200000f4   Data           4  main.o(.bss.inactivity_timer)
    iwCT16B1_IrqEvent                        0x200000f8   Data           4  ct16b1.o(.bss.iwCT16B1_IrqEvent)
    iwCT16B5_IrqEvent                        0x200000fc   Data           4  ct16b5.o(.bss.iwCT16B5_IrqEvent)
    minutes                                  0x20000108   Data           1  main.o(.bss.minutes)
    mode                                     0x20000109   Data           1  main.o(.bss.mode)
    sInterruptFlag                           0x2000010c   Data          20  adc.o(.bss.sInterruptFlag)
    seconds                                  0x20000120   Data           1  main.o(.bss.seconds)
    segment_buff                             0x20000124   Data           4  segment.o(.bss.segment_buff)
    stDMA0IntFlag                            0x20000128   Data           6  dma.o(.bss.stDMA0IntFlag)
    time_tick                                0x2000012e   Data           2  main.o(.bss.time_tick)



==============================================================================

Memory Map of the image

  Image Entry point : 0x00000181

  Load Region LR_1 (Base: 0x00000000, Size: 0x0000140c, Max: 0xffffffff, ABSOLUTE)

    Execution Region ER_RO (Exec base: 0x00000000, Load base: 0x00000000, Size: 0x00001408, Max: 0xffffffff, ABSOLUTE)

    Exec Addr    Load Addr    Size         Type   Attr      Idx    E Section Name        Object

    0x00000000   0x00000000   0x000000c0   Data   RO          413    RESET               startup_sn32f400.o
    0x000000c0   0x000000c0   0x00000008   Code   RO          448  * !!!main             c_p.l(__main.o)
    0x000000c8   0x000000c8   0x00000054   Code   RO          625    !!!scatter          c_p.l(__scatter.o)
    0x0000011c   0x0000011c   0x0000001a   Code   RO          629    !!handler_copy      c_p.l(__scatter_copy.o)
    0x00000136   0x00000136   0x00000002   PAD
    0x00000138   0x00000138   0x00000002   Code   RO          626    !!handler_null      c_p.l(__scatter.o)
    0x0000013a   0x0000013a   0x00000002   PAD
    0x0000013c   0x0000013c   0x0000001c   Code   RO          631    !!handler_zi        c_p.l(__scatter_zi.o)
    0x00000158   0x00000158   0x00000002   Code   RO          486    .ARM.Collect$$libinit$$00000000  c_p.l(libinit.o)
    0x0000015a   0x0000015a   0x00000000   Code   RO          500    .ARM.Collect$$libinit$$00000002  c_p.l(libinit2.o)
    0x0000015a   0x0000015a   0x00000000   Code   RO          502    .ARM.Collect$$libinit$$00000004  c_p.l(libinit2.o)
    0x0000015a   0x0000015a   0x00000000   Code   RO          504    .ARM.Collect$$libinit$$00000006  c_p.l(libinit2.o)
    0x0000015a   0x0000015a   0x00000000   Code   RO          507    .ARM.Collect$$libinit$$0000000C  c_p.l(libinit2.o)
    0x0000015a   0x0000015a   0x00000000   Code   RO          509    .ARM.Collect$$libinit$$0000000E  c_p.l(libinit2.o)
    0x0000015a   0x0000015a   0x00000000   Code   RO          511    .ARM.Collect$$libinit$$00000010  c_p.l(libinit2.o)
    0x0000015a   0x0000015a   0x00000000   Code   RO          514    .ARM.Collect$$libinit$$00000013  c_p.l(libinit2.o)
    0x0000015a   0x0000015a   0x00000000   Code   RO          516    .ARM.Collect$$libinit$$00000015  c_p.l(libinit2.o)
    0x0000015a   0x0000015a   0x00000000   Code   RO          518    .ARM.Collect$$libinit$$00000017  c_p.l(libinit2.o)
    0x0000015a   0x0000015a   0x00000000   Code   RO          520    .ARM.Collect$$libinit$$00000019  c_p.l(libinit2.o)
    0x0000015a   0x0000015a   0x00000000   Code   RO          522    .ARM.Collect$$libinit$$0000001B  c_p.l(libinit2.o)
    0x0000015a   0x0000015a   0x00000000   Code   RO          524    .ARM.Collect$$libinit$$0000001D  c_p.l(libinit2.o)
    0x0000015a   0x0000015a   0x00000000   Code   RO          526    .ARM.Collect$$libinit$$0000001F  c_p.l(libinit2.o)
    0x0000015a   0x0000015a   0x00000000   Code   RO          528    .ARM.Collect$$libinit$$00000021  c_p.l(libinit2.o)
    0x0000015a   0x0000015a   0x00000000   Code   RO          530    .ARM.Collect$$libinit$$00000023  c_p.l(libinit2.o)
    0x0000015a   0x0000015a   0x00000000   Code   RO          532    .ARM.Collect$$libinit$$00000025  c_p.l(libinit2.o)
    0x0000015a   0x0000015a   0x00000000   Code   RO          534    .ARM.Collect$$libinit$$00000027  c_p.l(libinit2.o)
    0x0000015a   0x0000015a   0x00000000   Code   RO          538    .ARM.Collect$$libinit$$0000002E  c_p.l(libinit2.o)
    0x0000015a   0x0000015a   0x00000000   Code   RO          540    .ARM.Collect$$libinit$$00000030  c_p.l(libinit2.o)
    0x0000015a   0x0000015a   0x00000000   Code   RO          542    .ARM.Collect$$libinit$$00000032  c_p.l(libinit2.o)
    0x0000015a   0x0000015a   0x00000000   Code   RO          544    .ARM.Collect$$libinit$$00000034  c_p.l(libinit2.o)
    0x0000015a   0x0000015a   0x00000002   Code   RO          545    .ARM.Collect$$libinit$$00000035  c_p.l(libinit2.o)
    0x0000015c   0x0000015c   0x00000002   Code   RO          580    .ARM.Collect$$libshutdown$$00000000  c_p.l(libshutdown.o)
    0x0000015e   0x0000015e   0x00000000   Code   RO          608    .ARM.Collect$$libshutdown$$00000002  c_p.l(libshutdown2.o)
    0x0000015e   0x0000015e   0x00000000   Code   RO          610    .ARM.Collect$$libshutdown$$00000004  c_p.l(libshutdown2.o)
    0x0000015e   0x0000015e   0x00000000   Code   RO          613    .ARM.Collect$$libshutdown$$00000007  c_p.l(libshutdown2.o)
    0x0000015e   0x0000015e   0x00000000   Code   RO          616    .ARM.Collect$$libshutdown$$0000000A  c_p.l(libshutdown2.o)
    0x0000015e   0x0000015e   0x00000000   Code   RO          618    .ARM.Collect$$libshutdown$$0000000C  c_p.l(libshutdown2.o)
    0x0000015e   0x0000015e   0x00000000   Code   RO          621    .ARM.Collect$$libshutdown$$0000000F  c_p.l(libshutdown2.o)
    0x0000015e   0x0000015e   0x00000002   Code   RO          622    .ARM.Collect$$libshutdown$$00000010  c_p.l(libshutdown2.o)
    0x00000160   0x00000160   0x00000000   Code   RO          450    .ARM.Collect$$rtentry$$00000000  c_p.l(__rtentry.o)
    0x00000160   0x00000160   0x00000000   Code   RO          456    .ARM.Collect$$rtentry$$00000002  c_p.l(__rtentry2.o)
    0x00000160   0x00000160   0x00000006   Code   RO          468    .ARM.Collect$$rtentry$$00000004  c_p.l(__rtentry4.o)
    0x00000166   0x00000166   0x00000000   Code   RO          458    .ARM.Collect$$rtentry$$00000009  c_p.l(__rtentry2.o)
    0x00000166   0x00000166   0x00000004   Code   RO          459    .ARM.Collect$$rtentry$$0000000A  c_p.l(__rtentry2.o)
    0x0000016a   0x0000016a   0x00000000   Code   RO          461    .ARM.Collect$$rtentry$$0000000C  c_p.l(__rtentry2.o)
    0x0000016a   0x0000016a   0x00000008   Code   RO          462    .ARM.Collect$$rtentry$$0000000D  c_p.l(__rtentry2.o)
    0x00000172   0x00000172   0x00000002   Code   RO          491    .ARM.Collect$$rtexit$$00000000  c_p.l(rtexit.o)
    0x00000174   0x00000174   0x00000000   Code   RO          551    .ARM.Collect$$rtexit$$00000002  c_p.l(rtexit2.o)
    0x00000174   0x00000174   0x00000004   Code   RO          552    .ARM.Collect$$rtexit$$00000003  c_p.l(rtexit2.o)
    0x00000178   0x00000178   0x00000006   Code   RO          553    .ARM.Collect$$rtexit$$00000004  c_p.l(rtexit2.o)
    0x0000017e   0x0000017e   0x00000002   PAD
    0x00000180   0x00000180   0x0000003c   Code   RO          415  * .text               startup_sn32f400.o
    0x000001bc   0x000001bc   0x00000006   Code   RO          446    .text               c_p.l(heapauxi.o)
    0x000001c2   0x000001c2   0x0000003e   Code   RO          472    .text               c_p.l(sys_stackheap_outer.o)
    0x00000200   0x00000200   0x00000010   Code   RO          475    .text               c_p.l(exit.o)
    0x00000210   0x00000210   0x00000008   Code   RO          487    .text               c_p.l(libspace.o)
    0x00000218   0x00000218   0x0000000c   Code   RO          546    .text               c_p.l(sys_exit.o)
    0x00000224   0x00000224   0x00000002   Code   RO          569    .text               c_p.l(use_no_semi.o)
    0x00000226   0x00000226   0x00000000   Code   RO          571    .text               c_p.l(indicate_semi.o)
    0x00000226   0x00000226   0x00000002   PAD
    0x00000228   0x00000228   0x000003b4   Code   RO           38    .text.ADC_IRQHandler  adc.o
    0x000005dc   0x000005dc   0x0000000c   Code   RO           66    .text.CMP0_IRQHandler  cmp.o
    0x000005e8   0x000005e8   0x0000000c   Code   RO           68    .text.CMP1_IRQHandler  cmp.o
    0x000005f4   0x000005f4   0x0000000c   Code   RO           70    .text.CMP2_IRQHandler  cmp.o
    0x00000600   0x00000600   0x00000010   Code   RO           72    .text.CMP3_IRQHandler  cmp.o
    0x00000610   0x00000610   0x00000010   Code   RO          102    .text.CT16B0_IRQHandler  ct16b0.o
    0x00000620   0x00000620   0x000000e8   Code   RO          117    .text.CT16B1_IRQHandler  ct16b1.o
    0x00000708   0x00000708   0x000000e8   Code   RO          134    .text.CT16B5_IRQHandler  ct16b5.o
    0x000007f0   0x000007f0   0x0000004c   Code   RO          159    .text.DMA_IRQHandler  dma.o
    0x0000083c   0x0000083c   0x00000088   Code   RO          395    .text.Digital_DisplayDEC  segment.o
    0x000008c4   0x000008c4   0x00000054   Code   RO          399    .text.Digital_Scan  segment.o
    0x00000918   0x00000918   0x0000001c   Code   RO          187    .text.GPIO_Init     gpio.o
    0x00000934   0x00000934   0x0000001c   Code   RO           10    .text.HardFault_Handler  main.o
    0x00000950   0x00000950   0x00000010   Code   RO          282    .text.LVD_IRQHandler  sys_con_drive.o
    0x00000960   0x00000960   0x0000000c   Code   RO          189    .text.P0_IRQHandler  gpio.o
    0x0000096c   0x0000096c   0x0000000c   Code   RO          191    .text.P1_IRQHandler  gpio.o
    0x00000978   0x00000978   0x0000000c   Code   RO          193    .text.P2_IRQHandler  gpio.o
    0x00000984   0x00000984   0x00000010   Code   RO          195    .text.P3_IRQHandler  gpio.o
    0x00000994   0x00000994   0x00000020   Code   RO          222    .text.PFPA_Init     pfpa.o
    0x000009b4   0x000009b4   0x00000028   Code   RO          230    .text.RTC_IRQHandler  rtc.o
    0x000009dc   0x000009dc   0x00000034   Code   RO          296    .text.SysTick_Handler  systick.o
    0x00000a10   0x00000a10   0x000000dc   Code   RO          424    .text.SystemCoreClockUpdate  system_sn32f400.o
    0x00000aec   0x00000aec   0x00000030   Code   RO          426    .text.SystemInit    system_sn32f400.o
    0x00000b1c   0x00000b1c   0x00000098   Code   RO          307    .text.UART0_IRQHandler  uart0.o
    0x00000bb4   0x00000bb4   0x00000098   Code   RO          336    .text.UART1_IRQHandler  uart1.o
    0x00000c4c   0x00000c4c   0x00000016   Code   RO          365    .text.UT_DelayNx10us  utility.o
    0x00000c62   0x00000c62   0x00000002   PAD
    0x00000c64   0x00000c64   0x00000014   Code   RO          377    .text.WDT_IRQHandler  wdt.o
    0x00000c78   0x00000c78   0x00000024   Code   RO          379    .text.WDT_Init      wdt.o
    0x00000c9c   0x00000c9c   0x00000530   Code   RO            6    .text.main          main.o
    0x000011cc   0x000011cc   0x000001f6   Code   RO          439    .text_divfast       c_p.l(aeabi_sdivfast.o)
    0x000013c2   0x000013c2   0x00000002   PAD
    0x000013c4   0x000013c4   0x00000010   Data   RO           29    .rodata..Lswitch.table.main.1  main.o
    0x000013d4   0x000013d4   0x00000011   Data   RO          401    .rodata.SEGMENT_TABLE  segment.o
    0x000013e5   0x000013e5   0x00000003   PAD
    0x000013e8   0x000013e8   0x00000020   Data   RO          624    Region$$Table       anon$$obj.o


    Execution Region ER_RW (Exec base: 0x20000000, Load base: 0x00001408, Size: 0x00000004, Max: 0xffffffff, ABSOLUTE)

    Exec Addr    Load Addr    Size         Type   Attr      Idx    E Section Name        Object

    0x20000000   0x00001408   0x00000001   Data   RW           16    .data.alarm_hours   main.o
    0x20000001   0x00001409   0x00000001   Data   RW           17    .data.alarm_minutes  main.o
    0x20000002   0x0000140a   0x00000001   Data   RW           20    .data.blink_state   main.o


    Execution Region ER_ZI (Exec base: 0x20000008, Load base: 0x0000140c, Size: 0x00000328, Max: 0xffffffff, ABSOLUTE)

    Exec Addr    Load Addr    Size         Type   Attr      Idx    E Section Name        Object

    0x20000008        -       0x00000060   Zero   RW          488    .bss                c_p.l(libspace.o)
    0x20000068        -       0x00000004   Zero   RW          327    .bss.GulNum         uart0.o
    0x2000006c        -       0x00000004   Zero   RW          356    .bss.GulNum1        uart1.o
    0x20000070        -       0x00000004   Zero   RW          298    .bss.SysTick_Handler.i  systick.o
    0x20000074        -       0x00000004   Zero   RW          428    .bss.SystemCoreClock  system_sn32f400.o
    0x20000078        -       0x00000002   Zero   RW           22    .bss.alarm_timer    main.o
    0x2000007a        -       0x00000038   Zero   RW          326    .bss.bUART0_RecvFIFO  uart0.o
    0x200000b2        -       0x00000001   Zero   RW          325    .bss.bUART0_RecvNew  uart0.o
    0x200000b3        -       0x00000038   Zero   RW          355    .bss.bUART1_RecvFIFO  uart1.o
    0x200000eb        -       0x00000001   Zero   RW          354    .bss.bUART1_RecvNew  uart1.o
    0x200000ec        -       0x00000002   Zero   RW           21    .bss.beep_timer     main.o
    0x200000ee        -       0x00000002   Zero   RW           19    .bss.blink_tick     main.o
    0x200000f0        -       0x00000001   Zero   RW          402    .bss.com_scan       segment.o
    0x200000f1        -       0x00000001   Zero   RW           12    .bss.hours          main.o
    0x200000f2   0x0000140c   0x00000002   PAD
    0x200000f4        -       0x00000004   Zero   RW           23    .bss.inactivity_timer  main.o
    0x200000f8        -       0x00000004   Zero   RW          125    .bss.iwCT16B1_IrqEvent  ct16b1.o
    0x200000fc        -       0x00000004   Zero   RW          142    .bss.iwCT16B5_IrqEvent  ct16b5.o
    0x20000100        -       0x00000002   Zero   RW           27    .bss.main.btn10_press_time  main.o
    0x20000102        -       0x00000002   Zero   RW           25    .bss.main.btn16_press_time  main.o
    0x20000104        -       0x00000002   Zero   RW           24    .bss.main.btn3_press_time  main.o
    0x20000106        -       0x00000002   Zero   RW           26    .bss.main.btn6_press_time  main.o
    0x20000108        -       0x00000001   Zero   RW           13    .bss.minutes        main.o
    0x20000109        -       0x00000001   Zero   RW           18    .bss.mode           main.o
    0x2000010a   0x0000140c   0x00000002   PAD
    0x2000010c        -       0x00000014   Zero   RW           56    .bss.sInterruptFlag  adc.o
    0x20000120        -       0x00000001   Zero   RW           14    .bss.seconds        main.o
    0x20000121   0x0000140c   0x00000003   PAD
    0x20000124        -       0x00000004   Zero   RW          403    .bss.segment_buff   segment.o
    0x20000128        -       0x00000006   Zero   RW          161    .bss.stDMA0IntFlag  dma.o
    0x2000012e        -       0x00000002   Zero   RW           15    .bss.time_tick      main.o
    0x20000130        -       0x00000000   Zero   RW          412    HEAP                startup_sn32f400.o
    0x20000130        -       0x00000200   Zero   RW          411    STACK               startup_sn32f400.o



  Load Region LR$$.ARM.__at_0x00007FFC (Base: 0x00007ffc, Size: 0x00000004, Max: 0x00000004, ABSOLUTE)

    Execution Region ER$$.ARM.__at_0x00007FFC (Exec base: 0x00007ffc, Load base: 0x00007ffc, Size: 0x00000004, Max: 0x00000004, ABSOLUTE, UNINIT)

    Exec Addr    Load Addr    Size         Type   Attr      Idx    E Section Name        Object

    0x00007ffc   0x00007ffc   0x00000004   Code   RO          414    .ARM.__at_0x00007FFC  startup_sn32f400.o


==============================================================================

Image component sizes


      Code (inc. data)   RO Data    RW Data    ZI Data      Debug   Object Name

       948          8          0          0         20      12418   adc.o
        52          4          0          0          0       5526   cmp.o
        16          4          0          0          0       7273   ct16b0.o
       232          8          0          0          4       6954   ct16b1.o
       232          8          0          0          4       6956   ct16b5.o
        76          8          0          0          6      10899   dma.o
        80         28          0          0          0      11246   gpio.o
      1356        160         16          3         24      15600   main.o
        32          8          0          0          0       1976   pfpa.o
        40          8          0          0          0       7825   rtc.o
       220         60         17          0          5       7051   segment.o
        64         32        192          0        512        820   startup_sn32f400.o
        16          4          0          0          0       8220   sys_con_drive.o
       268         74          0          0          4       3645   system_sn32f400.o
        52         12          0          0          4       4471   systick.o
       152         24          0          0         61       6441   uart0.o
       152         24          0          0         61       6442   uart1.o
        22          0          0          0          0       1507   utility.o
        56          8          0          0          0       3307   wdt.o

    ----------------------------------------------------------------------
      4068        482        260          4        712     128577   Object Totals
         0          0         32          0          0          0   (incl. Generated)
         2          0          3          1          7          0   (incl. Padding)

    ----------------------------------------------------------------------

      Code (inc. data)   RO Data    RW Data    ZI Data      Debug   Library Member Name

         8          0          0          0          0         68   __main.o
         0          0          0          0          0          0   __rtentry.o
        12          0          0          0          0          0   __rtentry2.o
         6          0          0          0          0          0   __rtentry4.o
        86         10          0          0          0          0   __scatter.o
        26          0          0          0          0          0   __scatter_copy.o
        28          0          0          0          0          0   __scatter_zi.o
       502          0          0          0          0         92   aeabi_sdivfast.o
        16          0          0          0          0         68   exit.o
         6          0          0          0          0        136   heapauxi.o
         0          0          0          0          0          0   indicate_semi.o
         2          0          0          0          0          0   libinit.o
         2          0          0          0          0          0   libinit2.o
         2          0          0          0          0          0   libshutdown.o
         2          0          0          0          0          0   libshutdown2.o
         8          4          0          0         96         68   libspace.o
         2          0          0          0          0          0   rtexit.o
        10          0          0          0          0          0   rtexit2.o
        12          4          0          0          0         60   sys_exit.o
        62          0          0          0          0         80   sys_stackheap_outer.o
         2          0          0          0          0         68   use_no_semi.o

    ----------------------------------------------------------------------
       804         18          0          0         96        640   Library Totals
        10          0          0          0          0          0   (incl. Padding)

    ----------------------------------------------------------------------

      Code (inc. data)   RO Data    RW Data    ZI Data      Debug   Library Name

       794         18          0          0         96        640   c_p.l

    ----------------------------------------------------------------------
       804         18          0          0         96        640   Library Totals

    ----------------------------------------------------------------------

==============================================================================


      Code (inc. data)   RO Data    RW Data    ZI Data      Debug   

      4872        500        260          4        808     128801   Grand Totals
      4872        500        260          4        808     128801   ELF Image Totals
      4872        500        260          4          0          0   ROM Totals

==============================================================================

    Total RO  Size (Code + RO Data)                 5132 (   5.01kB)
    Total RW  Size (RW Data + ZI Data)               812 (   0.79kB)
    Total ROM Size (Code + RO Data + RW Data)       5136 (   5.02kB)

==============================================================================

